Microchip MPLAB XC8 Compiler V2.45

Linker command line:

-W-3 \
  --edf=C:\Program Files\Microchip\xc8\v2.45\pic\dat\20230818022343_en.msgs \
  -cn -h+dist/default/production\CCP_CAPTURA.X.production.sym \
  --cmf=dist/default/production\CCP_CAPTURA.X.production.cmf -z -Q18F4550 \
  -oC:\Users\user\AppData\Local\Temp\xcAsd10.\driver_tmp_3.o \
  --defsym=__MPLAB_BUILD=1 --fixupoverflow=error \
  -Mdist/default/production/CCP_CAPTURA.X.production.map \
  --md=C:\Users\user\AppData\Local\Temp\xcAsd10.\driver_tmp_0.dat -E1 \
  -ver=XC8 Compiler --acfsm=1493 -ACODE=00h-07FFFh -ACONST=00h-07FFFh \
  -ASMALLCONST=0800h-08FFhx120 -AMEDIUMCONST=0800h-07FFFh -ACOMRAM=01h-05Fh \
  -AABS1=00h-07FFh -ABIGRAM=01h-07FFh -ARAM=060h-0FFh,0100h-01FFhx7 \
  -ABANK0=060h-0FFh -ABANK1=0100h-01FFh -ABANK2=0200h-02FFh \
  -ABANK3=0300h-03FFh -ABANK4=0400h-04FFh -ABANK5=0500h-05FFh \
  -ABANK6=0600h-06FFh -ABANK7=0700h-07FFh -ASFR=0F60h-0FFFh \
  -ABIGSFR=0F60h-0FFFh -ACONFIG=0300000h-030000Dh -AIDLOC=0200000h-0200007h \
  -AEEDATA=0F00000h-0F000FFh -peeprom_data=EEDATA \
  -preset_vec=00h,intcode=08h,intcodelo,powerup,init -pramtop=0800h \
  -psmallconst=SMALLCONST -pmediumconst=MEDIUMCONST -pconst=CONST \
  -AFARRAM=00h-00h \
  -prdata=COMRAM,nvrram=COMRAM,nvbit=COMRAM,rbss=COMRAM,rbit=COMRAM \
  -pfarbss=FARRAM,fardata=FARRAM,nvFARRAM=FARRAM \
  -pintsave_regs=BIGRAM,bigbss=BIGRAM,bigdata=BIGRAM -pbss=RAM \
  -pidata=CODE,irdata=CODE,ibigdata=CODE,ifardata=CODE -prparam=COMRAM \
  C:\Users\user\AppData\Local\Temp\xcAsd10.\driver_tmp_14.o \
  dist/default/production\CCP_CAPTURA.X.production.o 

Object code version is 3.11

Machine type is 18F4550



                Name                               Link     Load   Length Selector   Space Scale
C:\Users\user\AppData\Local\Temp\xcAsd10.\driver_tmp_14.o
                config                           300000   300000        E        0       4
                init                                  E        E        4        4       0
                reset_vec                             0        0        4        0       0
dist/default/production\CCP_CAPTURA.X.production.o
                intcode                               8        8        6        4       0
                config                           300000   300000        E        0       4
                temp                                 34       34        1        1       1
                smallconst                          800      800       16      400       0
                text35                             2B76     2B76      1B4      40B       0
                text34                             22C2     22C2      39A      40B       0
                text33                             1AFC     1AFC      42A      40B       0
                text32                             2F38     2F38      106      40B       0
                intcode_body                       321C     321C       C6      40B       0
                text30                             36CA     36CA       5C      40B       0
                text29                             3A0C     3A0C       24      40B       0
                text28                             3A30     3A30        E      40B       0
                text27                             34EE     34EE       8E      40B       0
                text26                             313E     313E       DE      40B       0
                text25                             39A0     39A0       3A      40B       0
                text24                             392A     392A       3C      40B       0
                text23                             357C     357C       76      40B       0
                text22                             3664     3664       66      40B       0
                text21                             1F26     1F26      39C      40B       0
                text20                             339E     339E       AC      40B       0
                text19                             2E32     2E32      106      40B       0
                text18                             16D0     16D0      42C      40B       0
                text17                             3966     3966       3A      40B       0
                text16                             120E     120E      4C2      40B       0
                text15                             3862     3862       48      40B       0
                text14                             2D2A     2D2A      108      40B       0
                text13                             303E     303E      100      40B       0
                text12                             2960     2960      216      40B       0
                text11                             3726     3726       58      40B       0
                text10                             377E     377E       52      40B       0
                text9                              3A3E     3A3E        2      40B       0
                text8                              32E2     32E2       BC      40B       0
                text7                              381A     381A       48      40B       0
                text6                              35F2     35F2       72      40B       0
                text5                              38EE     38EE       3C      40B       0
                text4                               816      816      9F8      40B       0
                text3                              265C     265C      304      40B       0
                text2                              37D0     37D0       4A      40B       0
                text1                              38AA     38AA       44      40B       0
                text0                              344A     344A       A4      40B       0
                cstackCOMRAM                          1        1       2D        1       1
                cstackBANK0                          60       60       7D       60       1
                cstackBANK1                         150      150        D      100       1
                bssBANK1                            100      100       50      100       1
                bssBANK0                             DD       DD       23       60       1
                bssCOMRAM                            2E       2E        6        1       1
                cinit                              39DA     39DA       32      40B       0

TOTAL           Name                               Link     Load   Length     Space
        CLASS   CODE           
                intcode                               8        8        6         0
                init                                  E        E        4         0
                reset_vec                             0        0        4         0
                text35                             2B76     2B76      1B4         0
                text34                             22C2     22C2      39A         0
                text33                             1AFC     1AFC      42A         0
                text32                             2F38     2F38      106         0
                intcode_body                       321C     321C       C6         0
                text30                             36CA     36CA       5C         0
                text29                             3A0C     3A0C       24         0
                text28                             3A30     3A30        E         0
                text27                             34EE     34EE       8E         0
                text26                             313E     313E       DE         0
                text25                             39A0     39A0       3A         0
                text24                             392A     392A       3C         0
                text23                             357C     357C       76         0
                text22                             3664     3664       66         0
                text21                             1F26     1F26      39C         0
                text20                             339E     339E       AC         0
                text19                             2E32     2E32      106         0
                text18                             16D0     16D0      42C         0
                text17                             3966     3966       3A         0
                text16                             120E     120E      4C2         0
                text15                             3862     3862       48         0
                text14                             2D2A     2D2A      108         0
                text13                             303E     303E      100         0
                text12                             2960     2960      216         0
                text11                             3726     3726       58         0
                text10                             377E     377E       52         0
                text9                              3A3E     3A3E        2         0
                text8                              32E2     32E2       BC         0
                text7                              381A     381A       48         0
                text6                              35F2     35F2       72         0
                text5                              38EE     38EE       3C         0
                text4                               816      816      9F8         0
                text3                              265C     265C      304         0
                text2                              37D0     37D0       4A         0
                text1                              38AA     38AA       44         0
                text0                              344A     344A       A4         0
                cinit                              39DA     39DA       32         0

        CLASS   CONST          

        CLASS   SMALLCONST     
                smallconst                          800      800       16         0

        CLASS   MEDIUMCONST    

        CLASS   COMRAM         
                temp                                 34       34        1         1
                cstackCOMRAM                          1        1       2D         1
                bssCOMRAM                            2E       2E        6         1

        CLASS   ABS1           

        CLASS   BIGRAM         

        CLASS   RAM            

        CLASS   BANK0          
                cstackBANK0                          60       60       7D         1
                bssBANK0                             DD       DD       23         1

        CLASS   BANK1          
                cstackBANK1                         150      150        D         1
                bssBANK1                            100      100       50         1

        CLASS   BANK2          

        CLASS   BANK3          

        CLASS   BANK4          

        CLASS   BANK5          

        CLASS   BANK6          

        CLASS   BANK7          

        CLASS   SFR            

        CLASS   BIGSFR         

        CLASS   CONFIG         
                config                           300000   300000        E         4

        CLASS   IDLOC          

        CLASS   EEDATA         

        CLASS   FARRAM         

        CLASS   HEAP           

        CLASS   STACK          



SEGMENTS        Name                           Load    Length   Top    Selector   Space  Class

                reset_vec                      000000  000004  000004         0       0  CODE    
                cstackCOMRAM                   000001  000034  000035         1       1  COMRAM  
                intcode                        000008  00000A  000012         4       0  CODE    
                cstackBANK0                    000060  0000A0  000100        60       1  BANK0   
                bssBANK1                       000100  00005D  00015D       100       1  BANK1   
                smallconst                     000800  000016  000816       400       0  SMALLCON
                text4                          000816  00322A  003A40       40B       0  CODE    


UNUSED ADDRESS RANGES

        Name                Unused          Largest block    Delta
        BANK1            00015D-0001FF               A3
        BANK2            000200-0002FF              100
        BANK3            000300-0003FF              100
        BANK4            000400-0004FF              100
        BANK5            000500-0005FF              100
        BANK6            000600-0006FF              100
        BANK7            000700-0007FF              100
        BIGRAM           000035-00005F               2B
                         00015D-0007FF              6A3
        BIGSFR           000F60-000FFF               A0
        CODE             000004-000007                4
                         000012-0007FF              7EE
                         003A40-007FFF             45C0
        COMRAM           000035-00005F               2B
        CONST            000004-000007                4
                         000012-0007FF              7EE
                         003A40-007FFF             45C0
        EEDATA           F00000-F000FF              100
        IDLOC            200000-200007                8
        MEDIUMCONST      003A40-007FFF             45C0
        RAM              00015D-0007FF              100
        SFR              000F60-000FFF               A0
        SMALLCONST       003A40-007FFF              100

                                  Symbol Table

?___fladd                 cstackBANK0  000060
?___fldiv                 cstackBANK0  000060
?___flmul                 cstackBANK0  000060
?___flneg                 cstackBANK0  000060
?___flsub                 cstackBANK0  000079
?___fltol                 cstackBANK0  000060
?___fpclassifyf           cstackBANK0  000060
?___lwdiv                 cstackBANK0  000060
?___lwmod                 cstackBANK0  000060
?___xxtofl                cstackCOMRAM 000001
?_floorf                  cstackBANK0  000079
?_labs                    cstackBANK0  000060
?_sprintf                 cstackBANK0  0000D5
?_vfprintf                cstackBANK0  0000CF
?i2___fldiv               cstackCOMRAM 000001
?i2___flmul               cstackCOMRAM 00000F
?i2___fltol               cstackCOMRAM 00001A
Lcd_Cmd@a                 cstackBANK0  000060
Lcd_Port@a                cstackCOMRAM 00002C
Lcd_Set_Cursor@a          cstackBANK0  000062
Lcd_Set_Cursor@b          cstackBANK0  000061
Lcd_Set_Cursor@temp       cstackBANK0  000065
Lcd_Set_Cursor@y          cstackBANK0  000064
Lcd_Set_Cursor@z          cstackBANK0  000063
Lcd_Write_Char@a          cstackBANK0  000062
Lcd_Write_Char@temp       cstackBANK0  000060
Lcd_Write_Char@y          cstackBANK0  000061
Lcd_Write_String@a        cstackCOMRAM 00002D
Lcd_Write_String@i        cstackBANK0  000063
_ADCON1bits               (abs)        000FC1
_CCP1CON                  (abs)        000FBD
_CCPR1H                   (abs)        000FBF
_CCPR1L                   (abs)        000FBE
_INTCONbits               (abs)        000FF2
_INT_CCP1                 intcode      000008
_LATDbits                 (abs)        000F8C
_Lcd_Clear                text28       003A30
_Lcd_Cmd                  text29       003A0C
_Lcd_Init                 text27       0034EE
_Lcd_Port                 text30       0036CA
_Lcd_Set_Cursor           text26       00313E
_Lcd_Write_Char           text25       0039A0
_Lcd_Write_String         text24       00392A
_PIE1bits                 (abs)        000F9D
_PIR1bits                 (abs)        000F9E
_T1CON                    (abs)        000FCD
_T1CONbits                (abs)        000FCD
_TMR1H                    (abs)        000FCF
_TMR1L                    (abs)        000FCE
_TRISDbits                (abs)        000F95
__HRAM                    (abs)        000000
__H__absolute__           __absolute__ 000000
__Habs1                   abs1         000000
__Hbank0                  bank0        000000
__Hbank1                  bank1        000000
__Hbank2                  bank2        000000
__Hbank3                  bank3        000000
__Hbank4                  bank4        000000
__Hbank5                  bank5        000000
__Hbank6                  bank6        000000
__Hbank7                  bank7        000000
__Hbigbss                 bigbss       000000
__Hbigdata                bigdata      000000
__Hbigram                 bigram       000000
__Hbigsfr                 bigsfr       000000
__Hbss                    bss          000000
__HbssBANK0               bssBANK0     000000
__HbssBANK1               bssBANK1     000000
__HbssCOMRAM              bssCOMRAM    000000
__Hcinit                  cinit        000000
__Hclrtext                clrtext      000000
__Hcomram                 comram       000000
__Hconfig                 config       30000E
__Hconst                  const        000000
__HcstackBANK0            cstackBANK0  000000
__HcstackBANK1            cstackBANK1  000000
__HcstackCOMRAM           cstackCOMRAM 000000
__Hdata                   data         000000
__Heeprom_data            eeprom_data  000000
__Hfarbss                 farbss       000000
__Hfardata                fardata      000000
__Hheap                   heap         000000
__Hibigdata               ibigdata     000000
__Hidata                  idata        000000
__Hidloc                  idloc        000000
__Hifardata               ifardata     000000
__Hinit                   init         000012
__Hintcode                intcode      00000E
__Hintcode_body           intcode_body 000000
__Hintcodelo              intcodelo    00000E
__Hintentry               intentry     000000
__Hintret                 intret       000000
__Hintsave_regs           intsave_regs 000000
__Hirdata                 irdata       000000
__Hmediumconst            mediumconst  000000
__HnvFARRAM               nvFARRAM     000000
__Hnvbit                  nvbit        000000
__Hnvrram                 nvrram       000000
__Hparam                  rparam       000000
__Hpowerup                powerup      00000E
__Hram                    ram          000000
__Hramtop                 ramtop       000800
__Hrbit                   rbit         000000
__Hrbss                   rbss         000000
__Hrdata                  rdata        000000
__Hreset_vec              reset_vec    000004
__Hrparam                 rparam       000000
__Hsfr                    sfr          000000
__Hsmallconst             smallconst   000816
__Hspace_0                (abs)        003A40
__Hspace_1                (abs)        00015D
__Hspace_2                (abs)        000000
__Hspace_4                (abs)        60000E
__Hstack                  stack        000000
__Hstruct                 struct       000000
__Htemp                   temp         000035
__Htext                   text         000000
__Htext0                  text0        000000
__Htext1                  text1        000000
__Htext10                 text10       000000
__Htext11                 text11       000000
__Htext12                 text12       000000
__Htext13                 text13       000000
__Htext14                 text14       000000
__Htext15                 text15       000000
__Htext16                 text16       000000
__Htext17                 text17       000000
__Htext18                 text18       000000
__Htext19                 text19       000000
__Htext2                  text2        000000
__Htext20                 text20       000000
__Htext21                 text21       000000
__Htext22                 text22       000000
__Htext23                 text23       000000
__Htext24                 text24       000000
__Htext25                 text25       000000
__Htext26                 text26       000000
__Htext27                 text27       000000
__Htext28                 text28       000000
__Htext29                 text29       000000
__Htext3                  text3        000000
__Htext30                 text30       000000
__Htext32                 text32       000000
__Htext33                 text33       000000
__Htext34                 text34       000000
__Htext35                 text35       000000
__Htext4                  text4        000000
__Htext5                  text5        000000
__Htext6                  text6        000000
__Htext7                  text7        000000
__Htext8                  text8        000000
__Htext9                  text9        000000
__LRAM                    (abs)        000001
__L__absolute__           __absolute__ 000000
__Labs1                   abs1         000000
__Lbank0                  bank0        000000
__Lbank1                  bank1        000000
__Lbank2                  bank2        000000
__Lbank3                  bank3        000000
__Lbank4                  bank4        000000
__Lbank5                  bank5        000000
__Lbank6                  bank6        000000
__Lbank7                  bank7        000000
__Lbigbss                 bigbss       000000
__Lbigdata                bigdata      000000
__Lbigram                 bigram       000000
__Lbigsfr                 bigsfr       000000
__Lbss                    bss          000000
__LbssBANK0               bssBANK0     000000
__LbssBANK1               bssBANK1     000000
__LbssCOMRAM              bssCOMRAM    000000
__Lcinit                  cinit        000000
__Lclrtext                clrtext      000000
__Lcomram                 comram       000000
__Lconfig                 config       000000
__Lconst                  const        000000
__LcstackBANK0            cstackBANK0  000000
__LcstackBANK1            cstackBANK1  000000
__LcstackCOMRAM           cstackCOMRAM 000000
__Ldata                   data         000000
__Leeprom_data            eeprom_data  000000
__Lfarbss                 farbss       000000
__Lfardata                fardata      000000
__Lheap                   heap         000000
__Libigdata               ibigdata     000000
__Lidata                  idata        000000
__Lidloc                  idloc        000000
__Lifardata               ifardata     000000
__Linit                   init         00000E
__Lintcode                intcode      000008
__Lintcode_body           intcode_body 000000
__Lintcodelo              intcodelo    00000E
__Lintentry               intentry     000000
__Lintret                 intret       000000
__Lintsave_regs           intsave_regs 000000
__Lirdata                 irdata       000000
__Lmediumconst            mediumconst  000000
__LnvFARRAM               nvFARRAM     000000
__Lnvbit                  nvbit        000000
__Lnvrram                 nvrram       000000
__Lparam                  rparam       000000
__Lpowerup                powerup      00000E
__Lram                    ram          000000
__Lramtop                 ramtop       000800
__Lrbit                   rbit         000000
__Lrbss                   rbss         000000
__Lrdata                  rdata        000000
__Lreset_vec              reset_vec    000000
__Lrparam                 rparam       000000
__Lsfr                    sfr          000000
__Lsmallconst             smallconst   000800
__Lspace_0                (abs)        000000
__Lspace_1                (abs)        000000
__Lspace_2                (abs)        000000
__Lspace_4                (abs)        000000
__Lstack                  stack        000000
__Lstruct                 struct       000000
__Ltemp                   temp         000034
__Ltext                   text         000000
__Ltext0                  text0        000000
__Ltext1                  text1        000000
__Ltext10                 text10       000000
__Ltext11                 text11       000000
__Ltext12                 text12       000000
__Ltext13                 text13       000000
__Ltext14                 text14       000000
__Ltext15                 text15       000000
__Ltext16                 text16       000000
__Ltext17                 text17       000000
__Ltext18                 text18       000000
__Ltext19                 text19       000000
__Ltext2                  text2        000000
__Ltext20                 text20       000000
__Ltext21                 text21       000000
__Ltext22                 text22       000000
__Ltext23                 text23       000000
__Ltext24                 text24       000000
__Ltext25                 text25       000000
__Ltext26                 text26       000000
__Ltext27                 text27       000000
__Ltext28                 text28       000000
__Ltext29                 text29       000000
__Ltext3                  text3        000000
__Ltext30                 text30       000000
__Ltext32                 text32       000000
__Ltext33                 text33       000000
__Ltext34                 text34       000000
__Ltext35                 text35       000000
__Ltext4                  text4        000000
__Ltext5                  text5        000000
__Ltext6                  text6        000000
__Ltext7                  text7        000000
__Ltext8                  text8        000000
__Ltext9                  text9        000000
__S0                      (abs)        003A40
__S1                      (abs)        00015D
__S4                      (abs)        000000
__S5                      (abs)        000000
___fladd                  text16       00120E
___fladd@a                cstackBANK0  000064
___fladd@aexp             cstackBANK0  00006D
___fladd@b                cstackBANK0  000060
___fladd@bexp             cstackBANK0  00006E
___fladd@grs              cstackBANK0  00006F
___fladd@signs            cstackBANK0  00006C
___fldiv                  text21       001F26
___fldiv@a                cstackBANK0  000064
___fldiv@aexp             cstackBANK0  000078
___fldiv@b                cstackBANK0  000060
___fldiv@bexp             cstackBANK0  000077
___fldiv@grs              cstackBANK0  000073
___fldiv@new_exp          cstackBANK0  000071
___fldiv@rem              cstackBANK0  00006C
___fldiv@sign             cstackBANK0  000070
___fleq                   text20       00339E
___fleq@ff1               cstackBANK0  000060
___fleq@ff2               cstackBANK0  000064
___flge                   text19       002E32
___flge@ff1               cstackBANK0  000079
___flge@ff2               cstackBANK0  00007D
___flmul                  text18       0016D0
___flmul@a                cstackBANK0  000064
___flmul@aexp             cstackBANK0  00006D
___flmul@b                cstackBANK0  000060
___flmul@bexp             cstackBANK0  000072
___flmul@grs              cstackBANK0  00006E
___flmul@prod             cstackBANK0  000073
___flmul@sign             cstackBANK0  00006C
___flmul@temp             cstackBANK0  000077
___flneg                  text17       003966
___flneg@f1               cstackBANK0  000060
___flsub                  text15       003862
___flsub@a                cstackBANK0  00007D
___flsub@b                cstackBANK0  000079
___fltol                  text14       002D2A
___fltol@exp1             cstackCOMRAM 00002D
___fltol@f1               cstackBANK0  000060
___fltol@sign1            cstackCOMRAM 00002C
___fpclassifyf            text13       00303E
___fpclassifyf@F465       bssCOMRAM    00002E
___fpclassifyf@e          cstackBANK0  000068
___fpclassifyf@u          cstackBANK0  00006A
___fpclassifyf@x          cstackBANK0  000060
___heap_hi                (abs)        000000
___heap_lo                (abs)        000000
___inthi_sp               stack        000000
___inthi_stack_hi         stack        000000
___inthi_stack_lo         stack        000000
___intlo_sp               stack        000000
___intlo_stack_hi         stack        000000
___intlo_stack_lo         stack        000000
___lwdiv                  text23       00357C
___lwdiv@counter          cstackBANK0  000064
___lwdiv@dividend         cstackBANK0  000060
___lwdiv@divisor          cstackBANK0  000062
___lwdiv@quotient         cstackBANK0  000065
___lwmod                  text22       003664
___lwmod@counter          cstackCOMRAM 00002C
___lwmod@dividend         cstackBANK0  000060
___lwmod@divisor          cstackBANK0  000062
___param_bank             (abs)        000000
___rparam_used            (abs)        000001
___sp                     stack        000000
___stack_hi               stack        000000
___stack_lo               stack        000000
___xxtofl                 text35       002B76
___xxtofl@arg             cstackCOMRAM 00000B
___xxtofl@exp             cstackCOMRAM 00000A
___xxtofl@sign            cstackCOMRAM 000009
___xxtofl@val             cstackCOMRAM 000001
__accesstop               (abs)        000060
__activetblptr            (abs)        000002
__end_of_INT_CCP1         intcode_body 0032E2
__end_of_Lcd_Clear        text28       003A3E
__end_of_Lcd_Cmd          text29       003A30
__end_of_Lcd_Init         text27       00357C
__end_of_Lcd_Port         text30       003726
__end_of_Lcd_Set_Cursor   text26       00321C
__end_of_Lcd_Write_Char   text25       0039DA
__end_of_Lcd_Write_String text24       003966
__end_of___fladd          text16       0016D0
__end_of___fldiv          text21       0022C2
__end_of___fleq           text20       00344A
__end_of___flge           text19       002F38
__end_of___flmul          text18       001AFC
__end_of___flneg          text17       0039A0
__end_of___flsub          text15       0038AA
__end_of___fltol          text14       002E32
__end_of___fpclassifyf    text13       00313E
__end_of___lwdiv          text23       0035F2
__end_of___lwmod          text22       0036CA
__end_of___xxtofl         text35       002D2A
__end_of__initialization  cinit        0039FE
__end_of_efgtoa           text4        00120E
__end_of_floorf           text12       002B76
__end_of_fputc            text8        00339E
__end_of_fputs            text7        003862
__end_of_labs             text11       00377E
__end_of_main             text0        0034EE
__end_of_memcpy           text10       0037D0
__end_of_pad              text6        003664
__end_of_putch            text9        003A40
__end_of_sprintf          text1        0038EE
__end_of_strcpy           text5        00392A
__end_of_vfpfcnvrt        text3        002960
__end_of_vfprintf         text2        00381A
__end_ofi2___fldiv        text34       00265C
__end_ofi2___flmul        text33       001F26
__end_ofi2___fltol        text32       00303E
__initialization          cinit        0039DA
__mediumconst             mediumconst  000000
__pbssBANK0               bssBANK0     0000DD
__pbssBANK1               bssBANK1     000100
__pbssCOMRAM              bssCOMRAM    00002E
__pcinit                  cinit        0039DA
__pcstackBANK0            cstackBANK0  000060
__pcstackBANK1            cstackBANK1  000150
__pcstackCOMRAM           cstackCOMRAM 000001
__pintcode                intcode      000008
__pintcode_body           intcode_body 00321C
__psmallconst             smallconst   000800
__ptext0                  text0        00344A
__ptext1                  text1        0038AA
__ptext10                 text10       00377E
__ptext11                 text11       003726
__ptext12                 text12       002960
__ptext13                 text13       00303E
__ptext14                 text14       002D2A
__ptext15                 text15       003862
__ptext16                 text16       00120E
__ptext17                 text17       003966
__ptext18                 text18       0016D0
__ptext19                 text19       002E32
__ptext2                  text2        0037D0
__ptext20                 text20       00339E
__ptext21                 text21       001F26
__ptext22                 text22       003664
__ptext23                 text23       00357C
__ptext24                 text24       00392A
__ptext25                 text25       0039A0
__ptext26                 text26       00313E
__ptext27                 text27       0034EE
__ptext28                 text28       003A30
__ptext29                 text29       003A0C
__ptext3                  text3        00265C
__ptext30                 text30       0036CA
__ptext32                 text32       002F38
__ptext33                 text33       001AFC
__ptext34                 text34       0022C2
__ptext35                 text35       002B76
__ptext4                  text4        000816
__ptext5                  text5        0038EE
__ptext6                  text6        0035F2
__ptext7                  text7        00381A
__ptext8                  text8        0032E2
__ptext9                  text9        003A3E
__ramtop                  ramtop       000800
__smallconst              smallconst   000800
_buffer                   bssBANK0     0000E8
_dbuf                     bssBANK1     000100
_efgtoa                   text4        000816
_efgtoa$1012              cstackBANK0  00009C
_flags                    bssBANK0     0000E7
_floorf                   text12       002960
_fputc                    text8        0032E2
_fputs                    text7        00381A
_frecuencia               bssBANK0     0000E5
_labs                     text11       003726
_main                     text0        00344A
_memcpy                   text10       00377E
_pad                      text6        0035F2
_periodo                  bssBANK0     0000FC
_prec                     bssBANK0     0000E3
_putch                    text9        003A3E
_sprintf                  text1        0038AA
_strcpy                   text5        0038EE
_valor_pasos              bssCOMRAM    000032
_vfpfcnvrt                text3        00265C
_vfprintf                 text2        0037D0
_width                    bssBANK0     0000E1
btemp                     temp         000034
efgtoa@c                  cstackBANK0  000093
efgtoa@d                  cstackBANK0  0000A1
efgtoa@e                  cstackBANK0  0000A5
efgtoa@f                  cstackBANK0  00008F
efgtoa@fp                 cstackBANK0  00008D
efgtoa@g                  cstackBANK0  0000B8
efgtoa@h                  cstackBANK0  0000AF
efgtoa@i                  cstackBANK0  0000AD
efgtoa@l                  cstackBANK0  0000B3
efgtoa@m                  cstackBANK0  0000A3
efgtoa@mode               cstackBANK0  00009F
efgtoa@n                  cstackBANK0  0000BC
efgtoa@ne                 cstackBANK0  000096
efgtoa@nmode              cstackBANK0  0000A0
efgtoa@ou                 cstackBANK0  0000A9
efgtoa@p                  cstackBANK0  000098
efgtoa@pp                 cstackBANK0  00009E
efgtoa@sign               cstackBANK0  0000B7
efgtoa@t                  cstackBANK0  00009A
efgtoa@u                  cstackBANK0  0000BE
efgtoa@w                  cstackBANK0  0000A7
end_of_initialization     cinit        0039FE
floorf@F521               bssBANK0     0000DD
floorf@e                  cstackBANK0  000087
floorf@m                  cstackBANK0  000083
floorf@u                  cstackBANK0  000089
floorf@x                  cstackBANK0  000079
fputc@c                   cstackBANK0  000060
fputc@fp                  cstackBANK0  000062
fputs@c                   cstackBANK0  00006D
fputs@fp                  cstackBANK0  00006B
fputs@i                   cstackBANK0  00006E
fputs@s                   cstackBANK0  000069
i2___fldiv                text34       0022C2
i2___fldiv@a              cstackCOMRAM 000005
i2___fldiv@aexp           cstackCOMRAM 000019
i2___fldiv@b              cstackCOMRAM 000001
i2___fldiv@bexp           cstackCOMRAM 000018
i2___fldiv@grs            cstackCOMRAM 000014
i2___fldiv@new_exp        cstackCOMRAM 000012
i2___fldiv@rem            cstackCOMRAM 00000D
i2___fldiv@sign           cstackCOMRAM 000011
i2___flmul                text33       001AFC
i2___flmul@a              cstackCOMRAM 000013
i2___flmul@aexp           cstackCOMRAM 000020
i2___flmul@b              cstackCOMRAM 00000F
i2___flmul@bexp           cstackCOMRAM 000021
i2___flmul@grs            cstackCOMRAM 00001C
i2___flmul@prod           cstackCOMRAM 000022
i2___flmul@sign           cstackCOMRAM 00001B
i2___flmul@temp           cstackCOMRAM 000026
i2___fltol                text32       002F38
i2___fltol@exp1           cstackCOMRAM 000023
i2___fltol@f1             cstackCOMRAM 00001A
i2___fltol@sign1          cstackCOMRAM 000022
int$flags                 temp         000034
int_func                  intcode_body 00321C
intlevel0                 text         000000
intlevel1                 text         000000
intlevel2                 text         000000
intlevel3                 text         000000
isa$std                   (abs)        000001
isa$xinst                 (abs)        000000
labs@a                    cstackBANK0  000060
memcpy@d                  cstackBANK0  000067
memcpy@d1                 cstackBANK0  000060
memcpy@n                  cstackBANK0  000064
memcpy@s                  cstackBANK0  000069
memcpy@s1                 cstackBANK0  000062
memcpy@tmp                cstackBANK0  000066
pad@buf                   cstackBANK0  000072
pad@fp                    cstackBANK0  000070
pad@i                     cstackBANK0  000076
pad@p                     cstackBANK0  000074
sprintf@ap                cstackBANK1  000150
sprintf@f                 cstackBANK1  000151
sprintf@fmt               cstackBANK0  0000D6
sprintf@s                 cstackBANK0  0000D5
stackhi                   (abs)        000000
stacklo                   (abs)        000000
start                     init         00000E
start_initialization      cinit        0039DA
strcpy@d                  cstackBANK0  000063
strcpy@dest               cstackBANK0  000060
strcpy@src                cstackBANK0  000062
ttemp5                    temp         000035
ttemp6                    temp         000038
ttemp7                    temp         00003C
vfpfcnvrt@ap              cstackBANK0  0000C5
vfpfcnvrt@c               cstackBANK0  0000CD
vfpfcnvrt@convarg         cstackBANK0  0000C9
vfpfcnvrt@cp              cstackBANK0  0000CE
vfpfcnvrt@fmt             cstackBANK0  0000C4
vfpfcnvrt@fp              cstackBANK0  0000C2
vfprintf@ap               cstackBANK0  0000D2
vfprintf@cfmt             cstackBANK0  0000D4
vfprintf@fmt              cstackBANK0  0000D1
vfprintf@fp               cstackBANK0  0000CF
wtemp8                    temp         000035


MODULE INFORMATION

Module		Function		Class		Link	Load	Size
C:\Program Files\Microchip\xc8\v2.45\pic\sources\c99\common\fleq.c
		___fleq        		CODE           	339E	0000	172

C:\Program Files\Microchip\xc8\v2.45\pic\sources\c99\common\fleq.c estimated size: 172

C:\Program Files\Microchip\xc8\v2.45\pic\sources\c99\common\memcpy.c
		_memcpy        		CODE           	377E	0000	82

C:\Program Files\Microchip\xc8\v2.45\pic\sources\c99\common\memcpy.c estimated size: 82

C:\Program Files\Microchip\xc8\v2.45\pic\sources\c99\common\flneg.c
		___flneg       		CODE           	3966	0000	58

C:\Program Files\Microchip\xc8\v2.45\pic\sources\c99\common\flneg.c estimated size: 58

C:\Program Files\Microchip\xc8\v2.45\pic\sources\c99\common\sprcmul.c
		___flmul       		CODE           	16D0	0000	1068

C:\Program Files\Microchip\xc8\v2.45\pic\sources\c99\common\sprcmul.c estimated size: 1068

C:\Program Files\Microchip\xc8\v2.45\pic\sources\c99\common\labs.c
		_labs          		CODE           	3726	0000	88

C:\Program Files\Microchip\xc8\v2.45\pic\sources\c99\common\labs.c estimated size: 88

C:\Program Files\Microchip\xc8\v2.45\pic\sources\c99\common\nf_fputs.c
		_fputs         		CODE           	381A	0000	72

C:\Program Files\Microchip\xc8\v2.45\pic\sources\c99\common\nf_fputs.c estimated size: 72

C:\Program Files\Microchip\xc8\v2.45\pic\sources\c99\common\sprcdiv.c
		___fldiv       		CODE           	1F26	0000	924

C:\Program Files\Microchip\xc8\v2.45\pic\sources\c99\common\sprcdiv.c estimated size: 924

C:\Program Files\Microchip\xc8\v2.45\pic\sources\c99\common\floorf.c
		_floorf        		CODE           	2960	0000	534

C:\Program Files\Microchip\xc8\v2.45\pic\sources\c99\common\floorf.c estimated size: 534

C:\Program Files\Microchip\xc8\v2.45\pic\sources\c99\common\nf_sprintf.c
		_sprintf       		CODE           	38AA	0000	68

C:\Program Files\Microchip\xc8\v2.45\pic\sources\c99\common\nf_sprintf.c estimated size: 68

C:\Program Files\Microchip\xc8\v2.45\pic\sources\c99\common\lwmod.c
		___lwmod       		CODE           	3664	0000	102

C:\Program Files\Microchip\xc8\v2.45\pic\sources\c99\common\lwmod.c estimated size: 102

ccp_captura.c
		_main          		CODE           	344A	0000	164
		_INT_CCP1      		CODE           	0008	0000	204

ccp_captura.c estimated size: 368

C:\Program Files\Microchip\xc8\v2.45\pic\sources\c99\common\putch.c
		_putch         		CODE           	3A3E	0000	2

C:\Program Files\Microchip\xc8\v2.45\pic\sources\c99\common\putch.c estimated size: 2

C:\Program Files\Microchip\xc8\v2.45\pic\sources\c99\common\flge.c
		___flge        		CODE           	2E32	0000	262

C:\Program Files\Microchip\xc8\v2.45\pic\sources\c99\common\flge.c estimated size: 262

shared
		i2___fldiv     		CODE           	22C2	0000	922
		i2___fltol     		CODE           	2F38	0000	262
		__initialization		CODE           	39DA	0000	36
		i2___flmul     		CODE           	1AFC	0000	1066

shared estimated size: 2286

C:\Program Files\Microchip\xc8\v2.45\pic\sources\c99\common\xxtofl.c
		___xxtofl      		CODE           	2B76	0000	436

C:\Program Files\Microchip\xc8\v2.45\pic\sources\c99\common\xxtofl.c estimated size: 436

C:\Program Files\Microchip\xc8\v2.45\pic\sources\c99\common\__fpclassifyf.c
		___fpclassifyf 		CODE           	303E	0000	256

C:\Program Files\Microchip\xc8\v2.45\pic\sources\c99\common\__fpclassifyf.c estimated size: 256

C:\Program Files\Microchip\xc8\v2.45\pic\sources\c99\common\strcpy.c
		_strcpy        		CODE           	38EE	0000	60

C:\Program Files\Microchip\xc8\v2.45\pic\sources\c99\common\strcpy.c estimated size: 60

lcd.c
		_Lcd_Write_String		CODE           	392A	0000	60
		_Lcd_Init      		CODE           	34EE	0000	142
		_Lcd_Write_Char		CODE           	39A0	0000	58
		_Lcd_Cmd       		CODE           	3A0C	0000	36
		_Lcd_Set_Cursor		CODE           	313E	0000	222
		_Lcd_Clear     		CODE           	3A30	0000	14
		_Lcd_Port      		CODE           	36CA	0000	92

lcd.c estimated size: 624

C:\Program Files\Microchip\xc8\v2.45\pic\sources\c99\common\sprcadd.c
		___flsub       		CODE           	3862	0000	72
		___fladd       		CODE           	120E	0000	1218

C:\Program Files\Microchip\xc8\v2.45\pic\sources\c99\common\sprcadd.c estimated size: 1290

C:\Program Files\Microchip\xc8\v2.45\pic\sources\c99\common\nf_fputc.c
		_fputc         		CODE           	32E2	0000	188

C:\Program Files\Microchip\xc8\v2.45\pic\sources\c99\common\nf_fputc.c estimated size: 188

C:\Program Files\Microchip\xc8\v2.45\pic\sources\c99\common\doprnt.c
		_vfpfcnvrt     		CODE           	265C	0000	772
		_efgtoa        		CODE           	0816	0000	2552
		_pad           		CODE           	35F2	0000	114
		_vfprintf      		CODE           	37D0	0000	74

C:\Program Files\Microchip\xc8\v2.45\pic\sources\c99\common\doprnt.c estimated size: 3512

C:\Program Files\Microchip\xc8\v2.45\pic\sources\c99\common\lwdiv.c
		___lwdiv       		CODE           	357C	0000	118

C:\Program Files\Microchip\xc8\v2.45\pic\sources\c99\common\lwdiv.c estimated size: 118

C:\Program Files\Microchip\xc8\v2.45\pic\sources\c99\common\fltol.c
		___fltol       		CODE           	2D2A	0000	264

C:\Program Files\Microchip\xc8\v2.45\pic\sources\c99\common\fltol.c estimated size: 264

