Microchip MPLAB XC8 Compiler V2.45

Linker command line:

-W-3 \
  --edf=C:\Program Files\Microchip\xc8\v2.45\pic\dat\20230818022343_en.msgs \
  -cn -h+dist/default/production\Bluetooth_TX.X.production.sym \
  --cmf=dist/default/production\Bluetooth_TX.X.production.cmf -z -Q18F4550 \
  -oC:\Users\user\AppData\Local\Temp\xcAs9gc.\driver_tmp_3.o \
  --defsym=__MPLAB_BUILD=1 --fixupoverflow=error \
  -Mdist/default/production/Bluetooth_TX.X.production.map \
  --md=C:\Users\user\AppData\Local\Temp\xcAs9gc.\driver_tmp_0.dat -E1 \
  -ver=XC8 Compiler --acfsm=1493 -ACODE=00h-07FFFh -ACONST=00h-07FFFh \
  -ASMALLCONST=0800h-08FFhx120 -AMEDIUMCONST=0800h-07FFFh -ACOMRAM=01h-05Fh \
  -AABS1=00h-07FFh -ABIGRAM=01h-07FFh -ARAM=060h-0FFh,0100h-01FFhx7 \
  -ABANK0=060h-0FFh -ABANK1=0100h-01FFh -ABANK2=0200h-02FFh \
  -ABANK3=0300h-03FFh -ABANK4=0400h-04FFh -ABANK5=0500h-05FFh \
  -ABANK6=0600h-06FFh -ABANK7=0700h-07FFh -ASFR=0F60h-0FFFh \
  -ABIGSFR=0F60h-0FFFh -ACONFIG=0300000h-030000Dh -AIDLOC=0200000h-0200007h \
  -AEEDATA=0F00000h-0F000FFh -peeprom_data=EEDATA \
  -preset_vec=00h,intcode,intcodelo,powerup,init -pramtop=0800h \
  -psmallconst=SMALLCONST -pmediumconst=MEDIUMCONST -pconst=CONST \
  -AFARRAM=00h-00h \
  -prdata=COMRAM,nvrram=COMRAM,nvbit=COMRAM,rbss=COMRAM,rbit=COMRAM \
  -pfarbss=FARRAM,fardata=FARRAM,nvFARRAM=FARRAM \
  -pintsave_regs=BIGRAM,bigbss=BIGRAM,bigdata=BIGRAM -pbss=RAM \
  -pidata=CODE,irdata=CODE,ibigdata=CODE,ifardata=CODE -prparam=COMRAM \
  C:\Users\user\AppData\Local\Temp\xcAs9gc.\driver_tmp_14.o \
  dist/default/production\Bluetooth_TX.X.production.o 

Object code version is 3.11

Machine type is 18F4550



                Name                               Link     Load   Length Selector   Space Scale
C:\Users\user\AppData\Local\Temp\xcAs9gc.\driver_tmp_14.o
                config                           300000   300000        E        0       4
                init                                  0        0        4        0       0
dist/default/production\Bluetooth_TX.X.production.o
                config                           300000   300000        E        0       4
                smallconst                          800      800        8      400       0
                text13                              D98      D98       10      404       0
                text12                              C7E      C7E       46      404       0
                text11                              A30      A30       A4      404       0
                text10                              B48      B48       6E      404       0
                text9                               D82      D82       16      404       0
                text8                               D36      D36       2A      404       0
                text7                               AD4      AD4       74      404       0
                text6                               C1A      C1A       64      404       0
                text5                               DA8      DA8        2      404       0
                text4                               986      986       AA      404       0
                text3                               808      808      17E      404       0
                text2                               CC4      CC4       3E      404       0
                text1                               D02      D02       34      404       0
                text0                               BB6      BB6       64      404       0
                cstackCOMRAM                          1        1       2C        1       1
                bssBANK0                             60       60       20       60       1
                bssCOMRAM                            2D       2D       23        1       1
                cinit                               D60      D60       22      404       0

TOTAL           Name                               Link     Load   Length     Space
        CLASS   CODE           
                init                                  0        0        4         0
                text13                              D98      D98       10         0
                text12                              C7E      C7E       46         0
                text11                              A30      A30       A4         0
                text10                              B48      B48       6E         0
                text9                               D82      D82       16         0
                text8                               D36      D36       2A         0
                text7                               AD4      AD4       74         0
                text6                               C1A      C1A       64         0
                text5                               DA8      DA8        2         0
                text4                               986      986       AA         0
                text3                               808      808      17E         0
                text2                               CC4      CC4       3E         0
                text1                               D02      D02       34         0
                text0                               BB6      BB6       64         0
                cinit                               D60      D60       22         0

        CLASS   CONST          

        CLASS   SMALLCONST     
                smallconst                          800      800        8         0

        CLASS   MEDIUMCONST    

        CLASS   COMRAM         
                cstackCOMRAM                          1        1       2C         1
                bssCOMRAM                            2D       2D       23         1

        CLASS   ABS1           

        CLASS   BIGRAM         

        CLASS   RAM            

        CLASS   BANK0          
                bssBANK0                             60       60       20         1

        CLASS   BANK1          

        CLASS   BANK2          

        CLASS   BANK3          

        CLASS   BANK4          

        CLASS   BANK5          

        CLASS   BANK6          

        CLASS   BANK7          

        CLASS   SFR            

        CLASS   BIGSFR         

        CLASS   CONFIG         
                config                           300000   300000        E         4

        CLASS   IDLOC          

        CLASS   EEDATA         

        CLASS   FARRAM         

        CLASS   HEAP           

        CLASS   STACK          



SEGMENTS        Name                           Load    Length   Top    Selector   Space  Class

                reset_vec                      000000  000004  000004         0       0  CODE    
                cstackCOMRAM                   000001  00004F  000050         1       1  COMRAM  
                bssBANK0                       000060  000020  000080        60       1  BANK0   
                smallconst                     000800  000008  000808       400       0  SMALLCON
                text3                          000808  0005A2  000DAA       404       0  CODE    


UNUSED ADDRESS RANGES

        Name                Unused          Largest block    Delta
        BANK0            000080-0000FF               80
        BANK1            000100-0001FF              100
        BANK2            000200-0002FF              100
        BANK3            000300-0003FF              100
        BANK4            000400-0004FF              100
        BANK5            000500-0005FF              100
        BANK6            000600-0006FF              100
        BANK7            000700-0007FF              100
        BIGRAM           000050-00005F               10
                         000080-0007FF              780
        BIGSFR           000F60-000FFF               A0
        CODE             000004-0007FF              7FC
                         000DAA-007FFF             7256
        COMRAM           000050-00005F               10
        CONST            000004-0007FF              7FC
                         000DAA-007FFF             7256
        EEDATA           F00000-F000FF              100
        IDLOC            200000-200007                8
        MEDIUMCONST      000DAA-007FFF             7256
        RAM              000080-0007FF              100
        SFR              000F60-000FFF               A0
        SMALLCONST       000DAA-007FFF              100

                                  Symbol Table

?_ADC_Read                cstackCOMRAM 000001
?___lldiv                 cstackCOMRAM 000001
?___lwdiv                 cstackCOMRAM 000001
?___lwmod                 cstackCOMRAM 000001
?_sprintf                 cstackCOMRAM 000018
?_vfprintf                cstackCOMRAM 000014
ADC_Init@p_ang            cstackCOMRAM 000001
ADC_Read@ch               cstackCOMRAM 000003
Uart_Init@baud            cstackCOMRAM 00000E
Uart_Init@vx              cstackCOMRAM 000016
Uart_Send_Char@txData     cstackCOMRAM 000001
Uart_Send_String@info     cstackCOMRAM 000002
_ADCON0                   (abs)        000FC2
_ADCON0bits               (abs)        000FC2
_ADCON1                   (abs)        000FC1
_ADCON2                   (abs)        000FC0
_ADC_Init                 text13       000D98
_ADC_Read                 text12       000C7E
_ADRES                    (abs)        000FC3
_BAUDCON                  (abs)        000FB8
_BAUDCONbits              (abs)        000FB8
_PIR1bits                 (abs)        000F9E
_RCREG                    (abs)        000FAE
_RCSTA                    (abs)        000FAB
_RCSTAbits                (abs)        000FAB
_SPBRG                    (abs)        000FAF
_SPBRGH                   (abs)        000FB0
_TRISCbits                (abs)        000F94
_TXREG                    (abs)        000FAD
_TXSTA                    (abs)        000FAC
_TXSTAbits                (abs)        000FAC
_Uart_Init                text10       000B48
_Uart_Send_Char           text9        000D82
_Uart_Send_String         text8        000D36
__HRAM                    (abs)        000000
__H__absolute__           __absolute__ 000000
__Habs1                   abs1         000000
__Hbank0                  bank0        000000
__Hbank1                  bank1        000000
__Hbank2                  bank2        000000
__Hbank3                  bank3        000000
__Hbank4                  bank4        000000
__Hbank5                  bank5        000000
__Hbank6                  bank6        000000
__Hbank7                  bank7        000000
__Hbigbss                 bigbss       000000
__Hbigdata                bigdata      000000
__Hbigram                 bigram       000000
__Hbigsfr                 bigsfr       000000
__Hbss                    bss          000000
__HbssBANK0               bssBANK0     000000
__HbssCOMRAM              bssCOMRAM    000000
__Hcinit                  cinit        000000
__Hclrtext                clrtext      000000
__Hcomram                 comram       000000
__Hconfig                 config       30000E
__Hconst                  const        000000
__HcstackCOMRAM           cstackCOMRAM 000000
__Hdata                   data         000000
__Heeprom_data            eeprom_data  000000
__Hfarbss                 farbss       000000
__Hfardata                fardata      000000
__Hheap                   heap         000000
__Hibigdata               ibigdata     000000
__Hidata                  idata        000000
__Hidloc                  idloc        000000
__Hifardata               ifardata     000000
__Hinit                   init         000004
__Hintcode                intcode      000000
__Hintcode_body           intcode_body 000000
__Hintcodelo              intcodelo    000000
__Hintentry               intentry     000000
__Hintret                 intret       000000
__Hintsave_regs           intsave_regs 000000
__Hirdata                 irdata       000000
__Hmediumconst            mediumconst  000000
__HnvFARRAM               nvFARRAM     000000
__Hnvbit                  nvbit        000000
__Hnvrram                 nvrram       000000
__Hparam                  rparam       000000
__Hpowerup                powerup      000000
__Hram                    ram          000000
__Hramtop                 ramtop       000800
__Hrbit                   rbit         000000
__Hrbss                   rbss         000000
__Hrdata                  rdata        000000
__Hreset_vec              reset_vec    000000
__Hrparam                 rparam       000000
__Hsfr                    sfr          000000
__Hsmallconst             smallconst   000808
__Hspace_0                (abs)        000DAA
__Hspace_1                (abs)        000080
__Hspace_2                (abs)        000000
__Hspace_4                (abs)        60000E
__Hstack                  stack        000000
__Hstruct                 struct       000000
__Htemp                   temp         000000
__Htext                   text         000000
__Htext0                  text0        000000
__Htext1                  text1        000000
__Htext10                 text10       000000
__Htext11                 text11       000000
__Htext12                 text12       000000
__Htext13                 text13       000000
__Htext2                  text2        000000
__Htext3                  text3        000000
__Htext4                  text4        000000
__Htext5                  text5        000000
__Htext6                  text6        000000
__Htext7                  text7        000000
__Htext8                  text8        000000
__Htext9                  text9        000000
__LRAM                    (abs)        000001
__L__absolute__           __absolute__ 000000
__Labs1                   abs1         000000
__Lbank0                  bank0        000000
__Lbank1                  bank1        000000
__Lbank2                  bank2        000000
__Lbank3                  bank3        000000
__Lbank4                  bank4        000000
__Lbank5                  bank5        000000
__Lbank6                  bank6        000000
__Lbank7                  bank7        000000
__Lbigbss                 bigbss       000000
__Lbigdata                bigdata      000000
__Lbigram                 bigram       000000
__Lbigsfr                 bigsfr       000000
__Lbss                    bss          000000
__LbssBANK0               bssBANK0     000000
__LbssCOMRAM              bssCOMRAM    000000
__Lcinit                  cinit        000000
__Lclrtext                clrtext      000000
__Lcomram                 comram       000000
__Lconfig                 config       000000
__Lconst                  const        000000
__LcstackCOMRAM           cstackCOMRAM 000000
__Ldata                   data         000000
__Leeprom_data            eeprom_data  000000
__Lfarbss                 farbss       000000
__Lfardata                fardata      000000
__Lheap                   heap         000000
__Libigdata               ibigdata     000000
__Lidata                  idata        000000
__Lidloc                  idloc        000000
__Lifardata               ifardata     000000
__Linit                   init         000000
__Lintcode                intcode      000000
__Lintcode_body           intcode_body 000000
__Lintcodelo              intcodelo    000000
__Lintentry               intentry     000000
__Lintret                 intret       000000
__Lintsave_regs           intsave_regs 000000
__Lirdata                 irdata       000000
__Lmediumconst            mediumconst  000000
__LnvFARRAM               nvFARRAM     000000
__Lnvbit                  nvbit        000000
__Lnvrram                 nvrram       000000
__Lparam                  rparam       000000
__Lpowerup                powerup      000000
__Lram                    ram          000000
__Lramtop                 ramtop       000800
__Lrbit                   rbit         000000
__Lrbss                   rbss         000000
__Lrdata                  rdata        000000
__Lreset_vec              reset_vec    000000
__Lrparam                 rparam       000000
__Lsfr                    sfr          000000
__Lsmallconst             smallconst   000800
__Lspace_0                (abs)        000000
__Lspace_1                (abs)        000000
__Lspace_2                (abs)        000000
__Lspace_4                (abs)        000000
__Lstack                  stack        000000
__Lstruct                 struct       000000
__Ltemp                   temp         000000
__Ltext                   text         000000
__Ltext0                  text0        000000
__Ltext1                  text1        000000
__Ltext10                 text10       000000
__Ltext11                 text11       000000
__Ltext12                 text12       000000
__Ltext13                 text13       000000
__Ltext2                  text2        000000
__Ltext3                  text3        000000
__Ltext4                  text4        000000
__Ltext5                  text5        000000
__Ltext6                  text6        000000
__Ltext7                  text7        000000
__Ltext8                  text8        000000
__Ltext9                  text9        000000
__S0                      (abs)        000DAA
__S1                      (abs)        000080
__S4                      (abs)        000000
__S5                      (abs)        000000
___heap_hi                (abs)        000000
___heap_lo                (abs)        000000
___inthi_sp               stack        000000
___inthi_stack_hi         stack        000000
___inthi_stack_lo         stack        000000
___intlo_sp               stack        000000
___intlo_stack_hi         stack        000000
___intlo_stack_lo         stack        000000
___lldiv                  text11       000A30
___lldiv@counter          cstackCOMRAM 00000D
___lldiv@dividend         cstackCOMRAM 000001
___lldiv@divisor          cstackCOMRAM 000005
___lldiv@quotient         cstackCOMRAM 000009
___lwdiv                  text7        000AD4
___lwdiv@counter          cstackCOMRAM 000007
___lwdiv@dividend         cstackCOMRAM 000001
___lwdiv@divisor          cstackCOMRAM 000003
___lwdiv@quotient         cstackCOMRAM 000005
___lwmod                  text6        000C1A
___lwmod@counter          cstackCOMRAM 000005
___lwmod@dividend         cstackCOMRAM 000001
___lwmod@divisor          cstackCOMRAM 000003
___param_bank             (abs)        000000
___rparam_used            (abs)        000001
___sp                     stack        000000
___stack_hi               stack        000000
___stack_lo               stack        000000
__accesstop               (abs)        000060
__activetblptr            (abs)        000002
__end_of_ADC_Init         text13       000DA8
__end_of_ADC_Read         text12       000CC4
__end_of_Uart_Init        text10       000BB6
__end_of_Uart_Send_Char   text9        000D98
__end_of_Uart_Send_String text8        000D60
__end_of___lldiv          text11       000AD4
__end_of___lwdiv          text7        000B48
__end_of___lwmod          text6        000C7E
__end_of__initialization  cinit        000D78
__end_of_fputc            text4        000A30
__end_of_main             text0        000C1A
__end_of_putch            text5        000DAA
__end_of_sprintf          text1        000D36
__end_of_vfpfcnvrt        text3        000986
__end_of_vfprintf         text2        000D02
__initialization          cinit        000D60
__mediumconst             mediumconst  000000
__pbssBANK0               bssBANK0     000060
__pbssCOMRAM              bssCOMRAM    00002D
__pcinit                  cinit        000D60
__pcstackCOMRAM           cstackCOMRAM 000001
__psmallconst             smallconst   000800
__ptext0                  text0        000BB6
__ptext1                  text1        000D02
__ptext10                 text10       000B48
__ptext11                 text11       000A30
__ptext12                 text12       000C7E
__ptext13                 text13       000D98
__ptext2                  text2        000CC4
__ptext3                  text3        000808
__ptext4                  text4        000986
__ptext5                  text5        000DA8
__ptext6                  text6        000C1A
__ptext7                  text7        000AD4
__ptext8                  text8        000D36
__ptext9                  text9        000D82
__ramtop                  ramtop       000800
__smallconst              smallconst   000800
_buffer                   bssCOMRAM    000032
_dbuf                     bssBANK0     000060
_flags                    bssCOMRAM    000031
_fputc                    text4        000986
_main                     text0        000BB6
_prec                     bssCOMRAM    00002F
_putch                    text5        000DA8
_sprintf                  text1        000D02
_vfpfcnvrt                text3        000808
_vfprintf                 text2        000CC4
_width                    bssCOMRAM    00002D
end_of_initialization     cinit        000D78
fputc@c                   cstackCOMRAM 000001
fputc@fp                  cstackCOMRAM 000003
intlevel0                 text         000000
intlevel1                 text         000000
intlevel2                 text         000000
intlevel3                 text         000000
isa$std                   (abs)        000001
isa$xinst                 (abs)        000000
main@valor_adc            cstackCOMRAM 00002B
sprintf@ap                cstackCOMRAM 00001C
sprintf@f                 cstackCOMRAM 00001D
sprintf@fmt               cstackCOMRAM 000019
sprintf@s                 cstackCOMRAM 000018
stackhi                   (abs)        000000
stacklo                   (abs)        000000
start                     init         000000
start_initialization      cinit        000D60
vfpfcnvrt@ap              cstackCOMRAM 00000B
vfpfcnvrt@c               cstackCOMRAM 000013
vfpfcnvrt@convarg         cstackCOMRAM 00000E
vfpfcnvrt@cp              cstackCOMRAM 000012
vfpfcnvrt@fmt             cstackCOMRAM 00000A
vfpfcnvrt@fp              cstackCOMRAM 000009
vfprintf@ap               cstackCOMRAM 000016
vfprintf@cfmt             cstackCOMRAM 000017
vfprintf@fmt              cstackCOMRAM 000015
vfprintf@fp               cstackCOMRAM 000014


MODULE INFORMATION

Module		Function		Class		Link	Load	Size
uart.c
		_Uart_Init     		CODE           	0B48	0000	110
		_Uart_Send_String		CODE           	0D36	0000	42
		_Uart_Send_Char		CODE           	0D82	0000	22

uart.c estimated size: 174

adc.c
		_ADC_Read      		CODE           	0C7E	0000	70
		_ADC_Init      		CODE           	0D98	0000	16

adc.c estimated size: 86

C:\Program Files\Microchip\xc8\v2.45\pic\sources\c99\common\nf_sprintf.c
		_sprintf       		CODE           	0D02	0000	52

C:\Program Files\Microchip\xc8\v2.45\pic\sources\c99\common\nf_sprintf.c estimated size: 52

C:\Program Files\Microchip\xc8\v2.45\pic\sources\c99\common\lwmod.c
		___lwmod       		CODE           	0C1A	0000	100

C:\Program Files\Microchip\xc8\v2.45\pic\sources\c99\common\lwmod.c estimated size: 100

C:\Program Files\Microchip\xc8\v2.45\pic\sources\c99\common\putch.c
		_putch         		CODE           	0DA8	0000	2

C:\Program Files\Microchip\xc8\v2.45\pic\sources\c99\common\putch.c estimated size: 2

shared
		__initialization		CODE           	0D60	0000	24

shared estimated size: 24

C:\Program Files\Microchip\xc8\v2.45\pic\sources\c99\common\__lldiv.c
		___lldiv       		CODE           	0A30	0000	164

C:\Program Files\Microchip\xc8\v2.45\pic\sources\c99\common\__lldiv.c estimated size: 164

bluetooth_TX.c
		_main          		CODE           	0BB6	0000	100

bluetooth_TX.c estimated size: 100

C:\Program Files\Microchip\xc8\v2.45\pic\sources\c99\common\nf_fputc.c
		_fputc         		CODE           	0986	0000	170

C:\Program Files\Microchip\xc8\v2.45\pic\sources\c99\common\nf_fputc.c estimated size: 170

C:\Program Files\Microchip\xc8\v2.45\pic\sources\c99\common\doprnt.c
		_vfpfcnvrt     		CODE           	0808	0000	382
		_vfprintf      		CODE           	0CC4	0000	62

C:\Program Files\Microchip\xc8\v2.45\pic\sources\c99\common\doprnt.c estimated size: 444

C:\Program Files\Microchip\xc8\v2.45\pic\sources\c99\common\lwdiv.c
		___lwdiv       		CODE           	0AD4	0000	116

C:\Program Files\Microchip\xc8\v2.45\pic\sources\c99\common\lwdiv.c estimated size: 116

