Microchip MPLAB XC8 Compiler V2.45

Linker command line:

-W-3 \
  --edf=C:\Program Files\Microchip\xc8\v2.45\pic\dat\20230818022343_en.msgs \
  -cn -h+dist/default/production\Servomotor_Pot.X.production.sym \
  --cmf=dist/default/production\Servomotor_Pot.X.production.cmf -z \
  -Q18F4550 -oC:\Users\user\AppData\Local\Temp\xcAserk.\driver_tmp_3.o \
  --defsym=__MPLAB_BUILD=1 --fixupoverflow=error \
  -Mdist/default/production/Servomotor_Pot.X.production.map \
  --md=C:\Users\user\AppData\Local\Temp\xcAserk.\driver_tmp_0.dat -E1 \
  -ver=XC8 Compiler --acfsm=1493 -ACODE=00h-07FFFh -ACONST=00h-07FFFh \
  -ASMALLCONST=0800h-08FFhx120 -AMEDIUMCONST=0800h-07FFFh -ACOMRAM=01h-05Fh \
  -AABS1=00h-07FFh -ABIGRAM=01h-07FFh -ARAM=060h-0FFh,0100h-01FFhx7 \
  -ABANK0=060h-0FFh -ABANK1=0100h-01FFh -ABANK2=0200h-02FFh \
  -ABANK3=0300h-03FFh -ABANK4=0400h-04FFh -ABANK5=0500h-05FFh \
  -ABANK6=0600h-06FFh -ABANK7=0700h-07FFh -ASFR=0F60h-0FFFh \
  -ABIGSFR=0F60h-0FFFh -ACONFIG=0300000h-030000Dh -AIDLOC=0200000h-0200007h \
  -AEEDATA=0F00000h-0F000FFh -peeprom_data=EEDATA \
  -preset_vec=00h,intcode=08h,intcodelo,powerup,init -pramtop=0800h \
  -psmallconst=SMALLCONST -pmediumconst=MEDIUMCONST -pconst=CONST \
  -AFARRAM=00h-00h \
  -prdata=COMRAM,nvrram=COMRAM,nvbit=COMRAM,rbss=COMRAM,rbit=COMRAM \
  -pfarbss=FARRAM,fardata=FARRAM,nvFARRAM=FARRAM \
  -pintsave_regs=BIGRAM,bigbss=BIGRAM,bigdata=BIGRAM -pbss=RAM \
  -pidata=CODE,irdata=CODE,ibigdata=CODE,ifardata=CODE -prparam=COMRAM \
  C:\Users\user\AppData\Local\Temp\xcAserk.\driver_tmp_9.o \
  dist/default/production\Servomotor_Pot.X.production.o 

Object code version is 3.11

Machine type is 18F4550



                Name                               Link     Load   Length Selector   Space Scale
C:\Users\user\AppData\Local\Temp\xcAserk.\driver_tmp_9.o
                config                           300000   300000        E        0       4
                init                                  E        E        4        4       0
                reset_vec                             0        0        4        0       0
dist/default/production\Servomotor_Pot.X.production.o
                intcode                               8        8        6        4       0
                config                           300000   300000        E        0       4
                temp                                 3C       3C        1        1       1
                smallconst                          800      800        2      400       0
                intcode_body                        B36      B36       66      401       0
                text8                               C34      C34       10      401       0
                text7                               B9C      B9C       46      401       0
                text6                               90E      90E       C4      401       0
                text5                               BE2      BE2       22      401       0
                text4                               C04      C04       1A      401       0
                text3                               802      802      10C      401       0
                text2                               ACC      ACC       6A      401       0
                text1                               A52      A52       7A      401       0
                text0                               9D2      9D2       80      401       0
                cstackCOMRAM                          1        1       31        1       1
                bssCOMRAM                            32       32        A        1       1
                cinit                               C1E      C1E       16      401       0

TOTAL           Name                               Link     Load   Length     Space
        CLASS   CODE           
                intcode                               8        8        6         0
                init                                  E        E        4         0
                reset_vec                             0        0        4         0
                intcode_body                        B36      B36       66         0
                text8                               C34      C34       10         0
                text7                               B9C      B9C       46         0
                text6                               90E      90E       C4         0
                text5                               BE2      BE2       22         0
                text4                               C04      C04       1A         0
                text3                               802      802      10C         0
                text2                               ACC      ACC       6A         0
                text1                               A52      A52       7A         0
                text0                               9D2      9D2       80         0
                cinit                               C1E      C1E       16         0

        CLASS   CONST          

        CLASS   SMALLCONST     
                smallconst                          800      800        2         0

        CLASS   MEDIUMCONST    

        CLASS   COMRAM         
                temp                                 3C       3C        1         1
                cstackCOMRAM                          1        1       31         1
                bssCOMRAM                            32       32        A         1

        CLASS   ABS1           

        CLASS   BIGRAM         

        CLASS   RAM            

        CLASS   BANK0          

        CLASS   BANK1          

        CLASS   BANK2          

        CLASS   BANK3          

        CLASS   BANK4          

        CLASS   BANK5          

        CLASS   BANK6          

        CLASS   BANK7          

        CLASS   SFR            

        CLASS   BIGSFR         

        CLASS   CONFIG         
                config                           300000   300000        E         4

        CLASS   IDLOC          

        CLASS   EEDATA         

        CLASS   FARRAM         

        CLASS   HEAP           

        CLASS   STACK          



SEGMENTS        Name                           Load    Length   Top    Selector   Space  Class

                reset_vec                      000000  000004  000004         0       0  CODE    
                cstackCOMRAM                   000001  00003C  00003D         1       1  COMRAM  
                intcode                        000008  00000A  000012         4       0  CODE    
                smallconst                     000800  000002  000802       400       0  SMALLCON
                text3                          000802  000442  000C44       401       0  CODE    


UNUSED ADDRESS RANGES

        Name                Unused          Largest block    Delta
        BANK0            000060-0000FF               A0
        BANK1            000100-0001FF              100
        BANK2            000200-0002FF              100
        BANK3            000300-0003FF              100
        BANK4            000400-0004FF              100
        BANK5            000500-0005FF              100
        BANK6            000600-0006FF              100
        BANK7            000700-0007FF              100
        BIGRAM           00003D-0007FF              7C3
        BIGSFR           000F60-000FFF               A0
        CODE             000004-000007                4
                         000012-0007FF              7EE
                         000C44-007FFF             73BC
        COMRAM           00003D-00005F               23
        CONST            000004-000007                4
                         000012-0007FF              7EE
                         000C44-007FFF             73BC
        EEDATA           F00000-F000FF              100
        IDLOC            200000-200007                8
        MEDIUMCONST      000C44-007FFF             73BC
        RAM              000060-0007FF              100
        SFR              000F60-000FFF               A0
        SMALLCONST       000C44-007FFF              100

                                  Symbol Table

?_ADC_Read               cstackCOMRAM 000001
?___aldiv                cstackCOMRAM 00000D
?___awdiv                cstackCOMRAM 000001
?___lmul                 cstackCOMRAM 000001
?_map                    cstackCOMRAM 00001B
ADC_Init@p_ang           cstackCOMRAM 000001
ADC_Read@ch              cstackCOMRAM 000003
Servo_1_Write@ang        cstackCOMRAM 000009
_ADCON0                  (abs)        000FC2
_ADCON0bits              (abs)        000FC2
_ADCON1                  (abs)        000FC1
_ADCON2                  (abs)        000FC0
_ADC_Init                text8        000C34
_ADC_Read                text7        000B9C
_ADRES                   (abs)        000FC3
_INTCONbits              (abs)        000FF2
_LATDbits                (abs)        000F8C
_Servo_1_Write           text5        000BE2
_Servo_Init              text4        000C04
_T0CON                   (abs)        000FD5
_T0CONbits               (abs)        000FD5
_TMR0                    (abs)        000FD6
_TMR0_ISR                intcode      000008
_TRISDbits               (abs)        000F95
__HRAM                   (abs)        000000
__H__absolute__          __absolute__ 000000
__Habs1                  abs1         000000
__Hbank0                 bank0        000000
__Hbank1                 bank1        000000
__Hbank2                 bank2        000000
__Hbank3                 bank3        000000
__Hbank4                 bank4        000000
__Hbank5                 bank5        000000
__Hbank6                 bank6        000000
__Hbank7                 bank7        000000
__Hbigbss                bigbss       000000
__Hbigdata               bigdata      000000
__Hbigram                bigram       000000
__Hbigsfr                bigsfr       000000
__Hbss                   bss          000000
__HbssCOMRAM             bssCOMRAM    000000
__Hcinit                 cinit        000000
__Hclrtext               clrtext      000000
__Hcomram                comram       000000
__Hconfig                config       30000E
__Hconst                 const        000000
__HcstackCOMRAM          cstackCOMRAM 000000
__Hdata                  data         000000
__Heeprom_data           eeprom_data  000000
__Hfarbss                farbss       000000
__Hfardata               fardata      000000
__Hheap                  heap         000000
__Hibigdata              ibigdata     000000
__Hidata                 idata        000000
__Hidloc                 idloc        000000
__Hifardata              ifardata     000000
__Hinit                  init         000012
__Hintcode               intcode      00000E
__Hintcode_body          intcode_body 000000
__Hintcodelo             intcodelo    00000E
__Hintentry              intentry     000000
__Hintret                intret       000000
__Hintsave_regs          intsave_regs 000000
__Hirdata                irdata       000000
__Hmediumconst           mediumconst  000000
__HnvFARRAM              nvFARRAM     000000
__Hnvbit                 nvbit        000000
__Hnvrram                nvrram       000000
__Hparam                 rparam       000000
__Hpowerup               powerup      00000E
__Hram                   ram          000000
__Hramtop                ramtop       000800
__Hrbit                  rbit         000000
__Hrbss                  rbss         000000
__Hrdata                 rdata        000000
__Hreset_vec             reset_vec    000004
__Hrparam                rparam       000000
__Hsfr                   sfr          000000
__Hsmallconst            smallconst   000802
__Hspace_0               (abs)        000C44
__Hspace_1               (abs)        00003D
__Hspace_2               (abs)        000000
__Hspace_4               (abs)        60000E
__Hstack                 stack        000000
__Hstruct                struct       000000
__Htemp                  temp         00003D
__Htext                  text         000000
__Htext0                 text0        000000
__Htext1                 text1        000000
__Htext2                 text2        000000
__Htext3                 text3        000000
__Htext4                 text4        000000
__Htext5                 text5        000000
__Htext6                 text6        000000
__Htext7                 text7        000000
__Htext8                 text8        000000
__LRAM                   (abs)        000001
__L__absolute__          __absolute__ 000000
__Labs1                  abs1         000000
__Lbank0                 bank0        000000
__Lbank1                 bank1        000000
__Lbank2                 bank2        000000
__Lbank3                 bank3        000000
__Lbank4                 bank4        000000
__Lbank5                 bank5        000000
__Lbank6                 bank6        000000
__Lbank7                 bank7        000000
__Lbigbss                bigbss       000000
__Lbigdata               bigdata      000000
__Lbigram                bigram       000000
__Lbigsfr                bigsfr       000000
__Lbss                   bss          000000
__LbssCOMRAM             bssCOMRAM    000000
__Lcinit                 cinit        000000
__Lclrtext               clrtext      000000
__Lcomram                comram       000000
__Lconfig                config       000000
__Lconst                 const        000000
__LcstackCOMRAM          cstackCOMRAM 000000
__Ldata                  data         000000
__Leeprom_data           eeprom_data  000000
__Lfarbss                farbss       000000
__Lfardata               fardata      000000
__Lheap                  heap         000000
__Libigdata              ibigdata     000000
__Lidata                 idata        000000
__Lidloc                 idloc        000000
__Lifardata              ifardata     000000
__Linit                  init         00000E
__Lintcode               intcode      000008
__Lintcode_body          intcode_body 000000
__Lintcodelo             intcodelo    00000E
__Lintentry              intentry     000000
__Lintret                intret       000000
__Lintsave_regs          intsave_regs 000000
__Lirdata                irdata       000000
__Lmediumconst           mediumconst  000000
__LnvFARRAM              nvFARRAM     000000
__Lnvbit                 nvbit        000000
__Lnvrram                nvrram       000000
__Lparam                 rparam       000000
__Lpowerup               powerup      00000E
__Lram                   ram          000000
__Lramtop                ramtop       000800
__Lrbit                  rbit         000000
__Lrbss                  rbss         000000
__Lrdata                 rdata        000000
__Lreset_vec             reset_vec    000000
__Lrparam                rparam       000000
__Lsfr                   sfr          000000
__Lsmallconst            smallconst   000800
__Lspace_0               (abs)        000000
__Lspace_1               (abs)        000000
__Lspace_2               (abs)        000000
__Lspace_4               (abs)        000000
__Lstack                 stack        000000
__Lstruct                struct       000000
__Ltemp                  temp         00003C
__Ltext                  text         000000
__Ltext0                 text0        000000
__Ltext1                 text1        000000
__Ltext2                 text2        000000
__Ltext3                 text3        000000
__Ltext4                 text4        000000
__Ltext5                 text5        000000
__Ltext6                 text6        000000
__Ltext7                 text7        000000
__Ltext8                 text8        000000
__S0                     (abs)        000C44
__S1                     (abs)        00003D
__S4                     (abs)        000000
__S5                     (abs)        000000
___aldiv                 text3        000802
___aldiv@counter         cstackCOMRAM 000015
___aldiv@dividend        cstackCOMRAM 00000D
___aldiv@divisor         cstackCOMRAM 000011
___aldiv@quotient        cstackCOMRAM 000017
___aldiv@sign            cstackCOMRAM 000016
___awdiv                 text6        00090E
___awdiv@counter         cstackCOMRAM 000005
___awdiv@dividend        cstackCOMRAM 000001
___awdiv@divisor         cstackCOMRAM 000003
___awdiv@quotient        cstackCOMRAM 000007
___awdiv@sign            cstackCOMRAM 000006
___heap_hi               (abs)        000000
___heap_lo               (abs)        000000
___inthi_sp              stack        000000
___inthi_stack_hi        stack        000000
___inthi_stack_lo        stack        000000
___intlo_sp              stack        000000
___intlo_stack_hi        stack        000000
___intlo_stack_lo        stack        000000
___lmul                  text2        000ACC
___lmul@multiplicand     cstackCOMRAM 000005
___lmul@multiplier       cstackCOMRAM 000001
___lmul@product          cstackCOMRAM 000009
___param_bank            (abs)        000000
___rparam_used           (abs)        000001
___sp                    stack        000000
___stack_hi              stack        000000
___stack_lo              stack        000000
__accesstop              (abs)        000060
__activetblptr           (abs)        000000
__end_of_ADC_Init        text8        000C44
__end_of_ADC_Read        text7        000BE2
__end_of_Servo_1_Write   text5        000C04
__end_of_Servo_Init      text4        000C1E
__end_of_TMR0_ISR        intcode_body 000B9C
__end_of___aldiv         text3        00090E
__end_of___awdiv         text6        0009D2
__end_of___lmul          text2        000B36
__end_of__initialization cinit        000C2A
__end_of_main            text0        000A52
__end_of_map             text1        000ACC
__initialization         cinit        000C1E
__mediumconst            mediumconst  000000
__pbssCOMRAM             bssCOMRAM    000032
__pcinit                 cinit        000C1E
__pcstackCOMRAM          cstackCOMRAM 000001
__pintcode               intcode      000008
__pintcode_body          intcode_body 000B36
__psmallconst            smallconst   000800
__ptext0                 text0        0009D2
__ptext1                 text1        000A52
__ptext2                 text2        000ACC
__ptext3                 text3        000802
__ptext4                 text4        000C04
__ptext5                 text5        000BE2
__ptext6                 text6        00090E
__ptext7                 text7        000B9C
__ptext8                 text8        000C34
__ramtop                 ramtop       000800
__smallconst             smallconst   000800
_cont_sr                 bssCOMRAM    00003A
_data_s                  bssCOMRAM    000032
_main                    text0        0009D2
_map                     text1        000A52
btemp                    temp         00003C
end_of_initialization    cinit        000C2A
int$flags                temp         00003C
int_func                 intcode_body 000B36
intlevel0                text         000000
intlevel1                text         000000
intlevel2                text         000000
intlevel3                text         000000
isa$std                  (abs)        000001
isa$xinst                (abs)        000000
main@angulo              cstackCOMRAM 000031
main@valor_pot           cstackCOMRAM 00002F
map@eMax                 cstackCOMRAM 000023
map@eMin                 cstackCOMRAM 00001F
map@sMax                 cstackCOMRAM 00002B
map@sMin                 cstackCOMRAM 000027
map@x                    cstackCOMRAM 00001B
stackhi                  (abs)        000000
stacklo                  (abs)        000000
start                    init         00000E
start_initialization     cinit        000C1E
ttemp5                   temp         00003D
ttemp6                   temp         000040
ttemp7                   temp         000044
wtemp8                   temp         00003D


MODULE INFORMATION

Module		Function		Class		Link	Load	Size
C:\Program Files\Microchip\xc8\v2.45\pic\sources\c99\common\aldiv.c
		___aldiv       		CODE           	0802	0000	268

C:\Program Files\Microchip\xc8\v2.45\pic\sources\c99\common\aldiv.c estimated size: 268

servo.c
		_Servo_Init    		CODE           	0C04	0000	26
		_Servo_1_Write 		CODE           	0BE2	0000	34
		_TMR0_ISR      		CODE           	0008	0000	108

servo.c estimated size: 168

C:\Program Files\Microchip\xc8\v2.45\pic\sources\c99\common\Umul32.c
		___lmul        		CODE           	0ACC	0000	106

C:\Program Files\Microchip\xc8\v2.45\pic\sources\c99\common\Umul32.c estimated size: 106

servomotor_pot.c
		_main          		CODE           	09D2	0000	128

servomotor_pot.c estimated size: 128

adc.c
		_ADC_Read      		CODE           	0B9C	0000	70
		_ADC_Init      		CODE           	0C34	0000	16

adc.c estimated size: 86

shared
		__initialization		CODE           	0C1E	0000	12

shared estimated size: 12

./map_function.h
		_map           		CODE           	0A52	0000	122

./map_function.h estimated size: 122

C:\Program Files\Microchip\xc8\v2.45\pic\sources\c99\common\awdiv.c
		___awdiv       		CODE           	090E	0000	196

C:\Program Files\Microchip\xc8\v2.45\pic\sources\c99\common\awdiv.c estimated size: 196

