Microchip MPLAB XC8 Compiler V2.45

Linker command line:

-W-3 \
  --edf=C:\Program Files\Microchip\xc8\v2.45\pic\dat\20230818022343_en.msgs \
  -cn -h+dist/default/production\Sensor-HCSR04.X.production.sym \
  --cmf=dist/default/production\Sensor-HCSR04.X.production.cmf -z -Q18F4550 \
  -oC:\Users\user\AppData\Local\Temp\xcAs96k.\driver_tmp_3.o \
  --defsym=__MPLAB_BUILD=1 --fixupoverflow=error \
  -Mdist/default/production/Sensor-HCSR04.X.production.map \
  --md=C:\Users\user\AppData\Local\Temp\xcAs96k.\driver_tmp_0.dat -E1 \
  -ver=XC8 Compiler --acfsm=1493 -ACODE=00h-07FFFh -ACONST=00h-07FFFh \
  -ASMALLCONST=0800h-08FFhx120 -AMEDIUMCONST=0800h-07FFFh -ACOMRAM=01h-05Fh \
  -AABS1=00h-07FFh -ABIGRAM=01h-07FFh -ARAM=060h-0FFh,0100h-01FFhx7 \
  -ABANK0=060h-0FFh -ABANK1=0100h-01FFh -ABANK2=0200h-02FFh \
  -ABANK3=0300h-03FFh -ABANK4=0400h-04FFh -ABANK5=0500h-05FFh \
  -ABANK6=0600h-06FFh -ABANK7=0700h-07FFh -ASFR=0F60h-0FFFh \
  -ABIGSFR=0F60h-0FFFh -ACONFIG=0300000h-030000Dh -AIDLOC=0200000h-0200007h \
  -AEEDATA=0F00000h-0F000FFh -peeprom_data=EEDATA \
  -preset_vec=00h,intcode,intcodelo,powerup,init -pramtop=0800h \
  -psmallconst=SMALLCONST -pmediumconst=MEDIUMCONST -pconst=CONST \
  -AFARRAM=00h-00h \
  -prdata=COMRAM,nvrram=COMRAM,nvbit=COMRAM,rbss=COMRAM,rbit=COMRAM \
  -pfarbss=FARRAM,fardata=FARRAM,nvFARRAM=FARRAM \
  -pintsave_regs=BIGRAM,bigbss=BIGRAM,bigdata=BIGRAM -pbss=RAM \
  -pidata=CODE,irdata=CODE,ibigdata=CODE,ifardata=CODE -prparam=COMRAM \
  C:\Users\user\AppData\Local\Temp\xcAs96k.\driver_tmp_9.o \
  dist/default/production\Sensor-HCSR04.X.production.o 

Object code version is 3.11

Machine type is 18F4550



                Name                               Link     Load   Length Selector   Space Scale
C:\Users\user\AppData\Local\Temp\xcAs96k.\driver_tmp_9.o
                config                           300000   300000        E        0       4
                init                                  0        0        4        0       0
dist/default/production\Sensor-HCSR04.X.production.o
                config                           300000   300000        E        0       4
                smallconst                          800      800       1C      400       0
                text18                             153E     153E      39A      40E       0
                text17                             1114     1114      42A      40E       0
                text16                             18D8     18D8      1B4      40E       0
                text15                             1C96     1C96       F8      40E       0
                text14                             21B2     21B2        E      40E       0
                text13                             2060     2060       5C      40E       0
                text12                             216E     216E       20      40E       0
                text11                             21A4     21A4        E      40E       0
                text10                             1F56     1F56       8C      40E       0
                text9                              1E84     1E84       D2      40E       0
                text8                              213A     213A       34      40E       0
                text7                              1FE2     1FE2       7E      40E       0
                text6                              1B92     1B92      104      40E       0
                text5                              2102     2102       38      40E       0
                text4                               81C      81C      4C0      40E       0
                text3                              20BC     20BC       46      40E       0
                text2                              1A8C     1A8C      106      40E       0
                text1                               CDC      CDC      438      40E       0
                text0                              1D8E     1D8E       F6      40E       0
                cstackCOMRAM                          1        1       5F        1       1
                cstackBANK0                          74       74       12       60       1
                bssBANK0                             60       60       14       60       1
                cinit                              218E     218E       16      40E       0

TOTAL           Name                               Link     Load   Length     Space
        CLASS   CODE           
                init                                  0        0        4         0
                text18                             153E     153E      39A         0
                text17                             1114     1114      42A         0
                text16                             18D8     18D8      1B4         0
                text15                             1C96     1C96       F8         0
                text14                             21B2     21B2        E         0
                text13                             2060     2060       5C         0
                text12                             216E     216E       20         0
                text11                             21A4     21A4        E         0
                text10                             1F56     1F56       8C         0
                text9                              1E84     1E84       D2         0
                text8                              213A     213A       34         0
                text7                              1FE2     1FE2       7E         0
                text6                              1B92     1B92      104         0
                text5                              2102     2102       38         0
                text4                               81C      81C      4C0         0
                text3                              20BC     20BC       46         0
                text2                              1A8C     1A8C      106         0
                text1                               CDC      CDC      438         0
                text0                              1D8E     1D8E       F6         0
                cinit                              218E     218E       16         0

        CLASS   CONST          

        CLASS   SMALLCONST     
                smallconst                          800      800       1C         0

        CLASS   MEDIUMCONST    

        CLASS   COMRAM         
                cstackCOMRAM                          1        1       5F         1

        CLASS   ABS1           

        CLASS   BIGRAM         

        CLASS   RAM            

        CLASS   BANK0          
                cstackBANK0                          74       74       12         1
                bssBANK0                             60       60       14         1

        CLASS   BANK1          

        CLASS   BANK2          

        CLASS   BANK3          

        CLASS   BANK4          

        CLASS   BANK5          

        CLASS   BANK6          

        CLASS   BANK7          

        CLASS   SFR            

        CLASS   BIGSFR         

        CLASS   CONFIG         
                config                           300000   300000        E         4

        CLASS   IDLOC          

        CLASS   EEDATA         

        CLASS   FARRAM         

        CLASS   HEAP           

        CLASS   STACK          



SEGMENTS        Name                           Load    Length   Top    Selector   Space  Class

                reset_vec                      000000  000004  000004         0       0  CODE    
                cstackCOMRAM                   000001  00005F  000060         1       1  COMRAM  
                bssBANK0                       000060  000026  000086        60       1  BANK0   
                smallconst                     000800  00001C  00081C       400       0  SMALLCON
                text4                          00081C  0019A4  0021C0       40E       0  CODE    


UNUSED ADDRESS RANGES

        Name                Unused          Largest block    Delta
        BANK0            000086-0000FF               7A
        BANK1            000100-0001FF              100
        BANK2            000200-0002FF              100
        BANK3            000300-0003FF              100
        BANK4            000400-0004FF              100
        BANK5            000500-0005FF              100
        BANK6            000600-0006FF              100
        BANK7            000700-0007FF              100
        BIGRAM           000086-0007FF              77A
        BIGSFR           000F60-000FFF               A0
        CODE             000004-0007FF              7FC
                         0021C0-007FFF             5E40
        CONST            000004-0007FF              7FC
                         0021C0-007FFF             5E40
        EEDATA           F00000-F000FF              100
        IDLOC            200000-200007                8
        MEDIUMCONST      0021C0-007FFF             5E40
        RAM              000086-0007FF              100
        SFR              000F60-000FFF               A0
        SMALLCONST       0021C0-007FFF              100

                                  Symbol Table

?_HCSR04_Get_Distance          cstackCOMRAM 000041
?___fladd                      cstackCOMRAM 000041
?___fldiv                      cstackCOMRAM 000028
?___flmul                      cstackCOMRAM 00000F
?___flneg                      cstackCOMRAM 000001
?___flsub                      cstackCOMRAM 000051
?___fltol                      cstackCOMRAM 000001
?___xxtofl                     cstackCOMRAM 000001
HCSR04_Get_Distance@dis_hc     cstackCOMRAM 000047
HCSR04_Get_Distance@timer_high cstackCOMRAM 00004F
HCSR04_Get_Distance@timer_low  cstackCOMRAM 000051
Lcd_Cmd@a                      cstackCOMRAM 000003
Lcd_Port@a                     cstackCOMRAM 000001
Lcd_Set_Cursor@a               cstackCOMRAM 000005
Lcd_Set_Cursor@b               cstackCOMRAM 000004
Lcd_Set_Cursor@temp            cstackCOMRAM 000008
Lcd_Set_Cursor@y               cstackCOMRAM 000007
Lcd_Set_Cursor@z               cstackCOMRAM 000006
Lcd_Write_Char@a               cstackCOMRAM 000004
Lcd_Write_Char@temp            cstackCOMRAM 000002
Lcd_Write_Char@y               cstackCOMRAM 000003
Lcd_Write_String@a             cstackCOMRAM 000005
Lcd_Write_String@i             cstackCOMRAM 000009
_ADCON1bits                    (abs)        000FC1
_HCSR04_Get_Distance           text15       001C96
_HCSR04_Get_Distance$1124      cstackCOMRAM 00004B
_HCSR04_Init                   text14       0021B2
_LATBbits                      (abs)        000F8A
_LATDbits                      (abs)        000F8C
_Lcd_Clear                     text11       0021A4
_Lcd_Cmd                       text12       00216E
_Lcd_Init                      text10       001F56
_Lcd_Port                      text13       002060
_Lcd_Set_Cursor                text9        001E84
_Lcd_Write_Char                text8        00213A
_Lcd_Write_String              text7        001FE2
_PORTBbits                     (abs)        000F81
_T1CON                         (abs)        000FCD
_T1CONbits                     (abs)        000FCD
_TMR1H                         (abs)        000FCF
_TMR1L                         (abs)        000FCE
_TRISBbits                     (abs)        000F93
_TRISDbits                     (abs)        000F95
__HRAM                         (abs)        000000
__H__absolute__                __absolute__ 000000
__Habs1                        abs1         000000
__Hbank0                       bank0        000000
__Hbank1                       bank1        000000
__Hbank2                       bank2        000000
__Hbank3                       bank3        000000
__Hbank4                       bank4        000000
__Hbank5                       bank5        000000
__Hbank6                       bank6        000000
__Hbank7                       bank7        000000
__Hbigbss                      bigbss       000000
__Hbigdata                     bigdata      000000
__Hbigram                      bigram       000000
__Hbigsfr                      bigsfr       000000
__Hbss                         bss          000000
__HbssBANK0                    bssBANK0     000000
__Hcinit                       cinit        000000
__Hclrtext                     clrtext      000000
__Hcomram                      comram       000000
__Hconfig                      config       30000E
__Hconst                       const        000000
__HcstackBANK0                 cstackBANK0  000000
__HcstackCOMRAM                cstackCOMRAM 000000
__Hdata                        data         000000
__Heeprom_data                 eeprom_data  000000
__Hfarbss                      farbss       000000
__Hfardata                     fardata      000000
__Hheap                        heap         000000
__Hibigdata                    ibigdata     000000
__Hidata                       idata        000000
__Hidloc                       idloc        000000
__Hifardata                    ifardata     000000
__Hinit                        init         000004
__Hintcode                     intcode      000000
__Hintcode_body                intcode_body 000000
__Hintcodelo                   intcodelo    000000
__Hintentry                    intentry     000000
__Hintret                      intret       000000
__Hintsave_regs                intsave_regs 000000
__Hirdata                      irdata       000000
__Hmediumconst                 mediumconst  000000
__HnvFARRAM                    nvFARRAM     000000
__Hnvbit                       nvbit        000000
__Hnvrram                      nvrram       000000
__Hparam                       rparam       000000
__Hpowerup                     powerup      000000
__Hram                         ram          000000
__Hramtop                      ramtop       000800
__Hrbit                        rbit         000000
__Hrbss                        rbss         000000
__Hrdata                       rdata        000000
__Hreset_vec                   reset_vec    000000
__Hrparam                      rparam       000000
__Hsfr                         sfr          000000
__Hsmallconst                  smallconst   00081C
__Hspace_0                     (abs)        0021C0
__Hspace_1                     (abs)        000086
__Hspace_2                     (abs)        000000
__Hspace_4                     (abs)        60000E
__Hstack                       stack        000000
__Hstruct                      struct       000000
__Htemp                        temp         000000
__Htext                        text         000000
__Htext0                       text0        000000
__Htext1                       text1        000000
__Htext10                      text10       000000
__Htext11                      text11       000000
__Htext12                      text12       000000
__Htext13                      text13       000000
__Htext14                      text14       000000
__Htext15                      text15       000000
__Htext16                      text16       000000
__Htext17                      text17       000000
__Htext18                      text18       000000
__Htext2                       text2        000000
__Htext3                       text3        000000
__Htext4                       text4        000000
__Htext5                       text5        000000
__Htext6                       text6        000000
__Htext7                       text7        000000
__Htext8                       text8        000000
__Htext9                       text9        000000
__LRAM                         (abs)        000001
__L__absolute__                __absolute__ 000000
__Labs1                        abs1         000000
__Lbank0                       bank0        000000
__Lbank1                       bank1        000000
__Lbank2                       bank2        000000
__Lbank3                       bank3        000000
__Lbank4                       bank4        000000
__Lbank5                       bank5        000000
__Lbank6                       bank6        000000
__Lbank7                       bank7        000000
__Lbigbss                      bigbss       000000
__Lbigdata                     bigdata      000000
__Lbigram                      bigram       000000
__Lbigsfr                      bigsfr       000000
__Lbss                         bss          000000
__LbssBANK0                    bssBANK0     000000
__Lcinit                       cinit        000000
__Lclrtext                     clrtext      000000
__Lcomram                      comram       000000
__Lconfig                      config       000000
__Lconst                       const        000000
__LcstackBANK0                 cstackBANK0  000000
__LcstackCOMRAM                cstackCOMRAM 000000
__Ldata                        data         000000
__Leeprom_data                 eeprom_data  000000
__Lfarbss                      farbss       000000
__Lfardata                     fardata      000000
__Lheap                        heap         000000
__Libigdata                    ibigdata     000000
__Lidata                       idata        000000
__Lidloc                       idloc        000000
__Lifardata                    ifardata     000000
__Linit                        init         000000
__Lintcode                     intcode      000000
__Lintcode_body                intcode_body 000000
__Lintcodelo                   intcodelo    000000
__Lintentry                    intentry     000000
__Lintret                      intret       000000
__Lintsave_regs                intsave_regs 000000
__Lirdata                      irdata       000000
__Lmediumconst                 mediumconst  000000
__LnvFARRAM                    nvFARRAM     000000
__Lnvbit                       nvbit        000000
__Lnvrram                      nvrram       000000
__Lparam                       rparam       000000
__Lpowerup                     powerup      000000
__Lram                         ram          000000
__Lramtop                      ramtop       000800
__Lrbit                        rbit         000000
__Lrbss                        rbss         000000
__Lrdata                       rdata        000000
__Lreset_vec                   reset_vec    000000
__Lrparam                      rparam       000000
__Lsfr                         sfr          000000
__Lsmallconst                  smallconst   000800
__Lspace_0                     (abs)        000000
__Lspace_1                     (abs)        000000
__Lspace_2                     (abs)        000000
__Lspace_4                     (abs)        000000
__Lstack                       stack        000000
__Lstruct                      struct       000000
__Ltemp                        temp         000000
__Ltext                        text         000000
__Ltext0                       text0        000000
__Ltext1                       text1        000000
__Ltext10                      text10       000000
__Ltext11                      text11       000000
__Ltext12                      text12       000000
__Ltext13                      text13       000000
__Ltext14                      text14       000000
__Ltext15                      text15       000000
__Ltext16                      text16       000000
__Ltext17                      text17       000000
__Ltext18                      text18       000000
__Ltext2                       text2        000000
__Ltext3                       text3        000000
__Ltext4                       text4        000000
__Ltext5                       text5        000000
__Ltext6                       text6        000000
__Ltext7                       text7        000000
__Ltext8                       text8        000000
__Ltext9                       text9        000000
__S0                           (abs)        0021C0
__S1                           (abs)        000086
__S4                           (abs)        000000
__S5                           (abs)        000000
___fladd                       text4        00081C
___fladd@a                     cstackCOMRAM 000045
___fladd@aexp                  cstackCOMRAM 00004E
___fladd@b                     cstackCOMRAM 000041
___fladd@bexp                  cstackCOMRAM 00004F
___fladd@grs                   cstackCOMRAM 000050
___fladd@signs                 cstackCOMRAM 00004D
___fldiv                       text18       00153E
___fldiv@a                     cstackCOMRAM 00002C
___fldiv@aexp                  cstackCOMRAM 000040
___fldiv@b                     cstackCOMRAM 000028
___fldiv@bexp                  cstackCOMRAM 00003F
___fldiv@grs                   cstackCOMRAM 00003B
___fldiv@new_exp               cstackCOMRAM 000039
___fldiv@rem                   cstackCOMRAM 000034
___fldiv@sign                  cstackCOMRAM 000038
___flge                        text6        001B92
___flge@ff1                    cstackCOMRAM 000001
___flge@ff2                    cstackCOMRAM 000005
___flmul                       text17       001114
___flmul@a                     cstackCOMRAM 000013
___flmul@aexp                  cstackCOMRAM 000020
___flmul@b                     cstackCOMRAM 00000F
___flmul@bexp                  cstackCOMRAM 000021
___flmul@grs                   cstackCOMRAM 00001C
___flmul@prod                  cstackCOMRAM 000022
___flmul@sign                  cstackCOMRAM 00001B
___flmul@temp                  cstackCOMRAM 000026
___flneg                       text5        002102
___flneg@f1                    cstackCOMRAM 000001
___flsub                       text3        0020BC
___flsub@a                     cstackCOMRAM 000055
___flsub@b                     cstackCOMRAM 000051
___fltol                       text2        001A8C
___fltol@exp1                  cstackCOMRAM 00000A
___fltol@f1                    cstackCOMRAM 000001
___fltol@sign1                 cstackCOMRAM 000009
___heap_hi                     (abs)        000000
___heap_lo                     (abs)        000000
___inthi_sp                    stack        000000
___inthi_stack_hi              stack        000000
___inthi_stack_lo              stack        000000
___intlo_sp                    stack        000000
___intlo_stack_hi              stack        000000
___intlo_stack_lo              stack        000000
___param_bank                  (abs)        000000
___rparam_used                 (abs)        000001
___sp                          stack        000000
___stack_hi                    stack        000000
___stack_lo                    stack        000000
___xxtofl                      text16       0018D8
___xxtofl@arg                  cstackCOMRAM 00000B
___xxtofl@exp                  cstackCOMRAM 00000A
___xxtofl@sign                 cstackCOMRAM 000009
___xxtofl@val                  cstackCOMRAM 000001
__accesstop                    (abs)        000060
__activetblptr                 (abs)        000002
__end_of_HCSR04_Get_Distance   text15       001D8E
__end_of_HCSR04_Init           text14       0021C0
__end_of_Lcd_Clear             text11       0021B2
__end_of_Lcd_Cmd               text12       00218E
__end_of_Lcd_Init              text10       001FE2
__end_of_Lcd_Port              text13       0020BC
__end_of_Lcd_Set_Cursor        text9        001F56
__end_of_Lcd_Write_Char        text8        00216E
__end_of_Lcd_Write_String      text7        002060
__end_of___fladd               text4        000CDC
__end_of___fldiv               text18       0018D8
__end_of___flge                text6        001C96
__end_of___flmul               text17       00153E
__end_of___flneg               text5        00213A
__end_of___flsub               text3        002102
__end_of___fltol               text2        001B92
__end_of___xxtofl              text16       001A8C
__end_of__initialization       cinit        00219A
__end_of_floattostr            text1        001114
__end_of_main                  text0        001E84
__initialization               cinit        00218E
__mediumconst                  mediumconst  000000
__pbssBANK0                    bssBANK0     000060
__pcinit                       cinit        00218E
__pcstackBANK0                 cstackBANK0  000074
__pcstackCOMRAM                cstackCOMRAM 000001
__psmallconst                  smallconst   000800
__ptext0                       text0        001D8E
__ptext1                       text1        000CDC
__ptext10                      text10       001F56
__ptext11                      text11       0021A4
__ptext12                      text12       00216E
__ptext13                      text13       002060
__ptext14                      text14       0021B2
__ptext15                      text15       001C96
__ptext16                      text16       0018D8
__ptext17                      text17       001114
__ptext18                      text18       00153E
__ptext2                       text2        001A8C
__ptext3                       text3        0020BC
__ptext4                       text4        00081C
__ptext5                       text5        002102
__ptext6                       text6        001B92
__ptext7                       text7        001FE2
__ptext8                       text8        00213A
__ptext9                       text9        001E84
__ramtop                       ramtop       000800
__smallconst                   smallconst   000800
_buffer                        bssBANK0     000060
_floattostr                    text1        000CDC
_main                          text0        001D8E
end_of_initialization          cinit        00219A
floattostr@cadena_             cstackCOMRAM 00005D
floattostr@cont_for            cstackBANK0  00007C
floattostr@decimales_          cstackCOMRAM 00005E
floattostr@largo_entera        cstackBANK0  00007E
floattostr@largo_n             cstackBANK0  00007A
floattostr@numero_             cstackCOMRAM 000059
floattostr@tempo_float         cstackBANK0  000076
floattostr@tempo_int           cstackBANK0  000074
intlevel0                      text         000000
intlevel1                      text         000000
intlevel2                      text         000000
intlevel3                      text         000000
isa$std                        (abs)        000001
isa$xinst                      (abs)        000000
main@distancia                 cstackBANK0  000082
stackhi                        (abs)        000000
stacklo                        (abs)        000000
start                          init         000000
start_initialization           cinit        00218E


MODULE INFORMATION

Module		Function		Class		Link	Load	Size
sensor_HCSR04.c
		_main          		CODE           	1D8E	0000	246

sensor_HCSR04.c estimated size: 246

C:\Program Files\Microchip\xc8\v2.45\pic\sources\c99\common\flneg.c
		___flneg       		CODE           	2102	0000	56

C:\Program Files\Microchip\xc8\v2.45\pic\sources\c99\common\flneg.c estimated size: 56

hc_sr04.c
		_HCSR04_Get_Distance		CODE           	1C96	0000	248
		_HCSR04_Init   		CODE           	21B2	0000	14

hc_sr04.c estimated size: 262

C:\Program Files\Microchip\xc8\v2.45\pic\sources\c99\common\sprcmul.c
		___flmul       		CODE           	1114	0000	1066

C:\Program Files\Microchip\xc8\v2.45\pic\sources\c99\common\sprcmul.c estimated size: 1066

C:\Program Files\Microchip\xc8\v2.45\pic\sources\c99\common\sprcdiv.c
		___fldiv       		CODE           	153E	0000	922

C:\Program Files\Microchip\xc8\v2.45\pic\sources\c99\common\sprcdiv.c estimated size: 922

./float_str.h
		_floattostr    		CODE           	0CDC	0000	1080

./float_str.h estimated size: 1080

C:\Program Files\Microchip\xc8\v2.45\pic\sources\c99\common\flge.c
		___flge        		CODE           	1B92	0000	260

C:\Program Files\Microchip\xc8\v2.45\pic\sources\c99\common\flge.c estimated size: 260

shared
		__initialization		CODE           	218E	0000	12

shared estimated size: 12

C:\Program Files\Microchip\xc8\v2.45\pic\sources\c99\common\xxtofl.c
		___xxtofl      		CODE           	18D8	0000	436

C:\Program Files\Microchip\xc8\v2.45\pic\sources\c99\common\xxtofl.c estimated size: 436

lcd.c
		_Lcd_Write_String		CODE           	1FE2	0000	126
		_Lcd_Init      		CODE           	1F56	0000	140
		_Lcd_Write_Char		CODE           	213A	0000	52
		_Lcd_Cmd       		CODE           	216E	0000	32
		_Lcd_Set_Cursor		CODE           	1E84	0000	210
		_Lcd_Clear     		CODE           	21A4	0000	14
		_Lcd_Port      		CODE           	2060	0000	92

lcd.c estimated size: 666

C:\Program Files\Microchip\xc8\v2.45\pic\sources\c99\common\sprcadd.c
		___flsub       		CODE           	20BC	0000	70
		___fladd       		CODE           	081C	0000	1216

C:\Program Files\Microchip\xc8\v2.45\pic\sources\c99\common\sprcadd.c estimated size: 1286

C:\Program Files\Microchip\xc8\v2.45\pic\sources\c99\common\fltol.c
		___fltol       		CODE           	1A8C	0000	262

C:\Program Files\Microchip\xc8\v2.45\pic\sources\c99\common\fltol.c estimated size: 262

