Microchip MPLAB XC8 Compiler V2.45

Linker command line:

-W-3 \
  --edf=C:\Program Files\Microchip\xc8\v2.45\pic\dat\20230818022343_en.msgs \
  -cn -h+dist/default/production\LCD16x2.X.production.sym \
  --cmf=dist/default/production\LCD16x2.X.production.cmf -z -Q18F4550 \
  -oC:\Users\user\AppData\Local\Temp\xcAs7p0.\driver_tmp_3.o \
  --defsym=__MPLAB_BUILD=1 --fixupoverflow=error \
  -Mdist/default/production/LCD16x2.X.production.map \
  --md=C:\Users\user\AppData\Local\Temp\xcAs7p0.\driver_tmp_0.dat -E1 \
  -ver=XC8 Compiler --acfsm=1493 -ACODE=00h-07FFFh -ACONST=00h-07FFFh \
  -ASMALLCONST=0800h-08FFhx120 -AMEDIUMCONST=0800h-07FFFh -ACOMRAM=01h-05Fh \
  -AABS1=00h-07FFh -ABIGRAM=01h-07FFh -ARAM=060h-0FFh,0100h-01FFhx7 \
  -ABANK0=060h-0FFh -ABANK1=0100h-01FFh -ABANK2=0200h-02FFh \
  -ABANK3=0300h-03FFh -ABANK4=0400h-04FFh -ABANK5=0500h-05FFh \
  -ABANK6=0600h-06FFh -ABANK7=0700h-07FFh -ASFR=0F60h-0FFFh \
  -ABIGSFR=0F60h-0FFFh -ACONFIG=0300000h-030000Dh -AIDLOC=0200000h-0200007h \
  -AEEDATA=0F00000h-0F000FFh -peeprom_data=EEDATA \
  -preset_vec=00h,intcode,intcodelo,powerup,init -pramtop=0800h \
  -psmallconst=SMALLCONST -pmediumconst=MEDIUMCONST -pconst=CONST \
  -AFARRAM=00h-00h \
  -prdata=COMRAM,nvrram=COMRAM,nvbit=COMRAM,rbss=COMRAM,rbit=COMRAM \
  -pfarbss=FARRAM,fardata=FARRAM,nvFARRAM=FARRAM \
  -pintsave_regs=BIGRAM,bigbss=BIGRAM,bigdata=BIGRAM -pbss=RAM \
  -pidata=CODE,irdata=CODE,ibigdata=CODE,ifardata=CODE -prparam=COMRAM \
  C:\Users\user\AppData\Local\Temp\xcAs7p0.\driver_tmp_14.o \
  dist/default/production\LCD16x2.X.production.o 

Object code version is 3.11

Machine type is 18F4550



                Name                               Link     Load   Length Selector   Space Scale
C:\Users\user\AppData\Local\Temp\xcAs7p0.\driver_tmp_14.o
                config                           300000   300000        E        0       4
                init                                  0        0        4        0       0
dist/default/production\LCD16x2.X.production.o
                config                           300000   300000        E        0       4
                smallconst                          800      800       5E      400       0
                text40                             323E     323E       5C      42F       0
                text39                             350A     350A       20      42F       0
                text38                             357E     357E        E      42F       0
                text37                             3570     3570        E      42F       0
                text36                             34B0     34B0       34      42F       0
                text35                             269A     269A      1FE      42F       0
                text34                             3562     3562        E      42F       0
                text33                             3554     3554        E      42F       0
                text32                             2F90     2F90       8C      42F       0
                text31                             3546     3546        E      42F       0
                text30                             2CC4     2CC4       D2      42F       0
                text29                             3538     3538        E      42F       0
                text28                             352A     352A        E      42F       0
                text27                             301C     301C       7E      42F       0
                text26                             1B9C     1B9C      39A      42F       0
                text25                             2E40     2E40       AA      42F       0
                text24                             2AC2     2AC2      104      42F       0
                text23                             1772     1772      42A      42F       0
                text22                             3478     3478       38      42F       0
                text21                             12B2     12B2      4C0      42F       0
                text20                             3340     3340       46      42F       0
                text19                             29BC     29BC      106      42F       0
                text18                             2BC6     2BC6       FE      42F       0
                text17                             2488     2488      212      42F       0
                text16                             329A     329A       56      42F       0
                text15                             32F0     32F0       50      42F       0
                text14                             3592     3592        2      42F       0
                text13                             2D96     2D96       AA      42F       0
                text12                             33C6     33C6       40      42F       0
                text11                             3174     3174       66      42F       0
                text10                             3406     3406       3A      42F       0
                text9                               85E      85E      A54      42F       0
                text8                              34E4     34E4       26      42F       0
                text7                              2EEA     2EEA       A6      42F       0
                text6                              309A     309A       74      42F       0
                text5                              31DA     31DA       64      42F       0
                text4                              2898     2898      124      42F       0
                text3                              1F36     1F36      2F6      42F       0
                text2                              3386     3386       40      42F       0
                text1                              3440     3440       38      42F       0
                text0                              222C     222C      25C      42F       0
                cstackCOMRAM                          1        1       53        1       1
                cstackBANK0                          60       60       35       60       1
                bssBANK1                            100      100       50      100       1
                dataBANK0                            AD       AD        4       60       1
                bssBANK0                             95       95       18       60       1
                dataCOMRAM                           5D       5D        2        1       1
                bssCOMRAM                            54       54        9        1       1
                cinit                              310E     310E       66      42F       0
                idataBANK0                         358C     358C        4      42F       0
                idataCOMRAM                        3590     3590        2      42F       0

TOTAL           Name                               Link     Load   Length     Space
        CLASS   CODE           
                init                                  0        0        4         0
                text40                             323E     323E       5C         0
                text39                             350A     350A       20         0
                text38                             357E     357E        E         0
                text37                             3570     3570        E         0
                text36                             34B0     34B0       34         0
                text35                             269A     269A      1FE         0
                text34                             3562     3562        E         0
                text33                             3554     3554        E         0
                text32                             2F90     2F90       8C         0
                text31                             3546     3546        E         0
                text30                             2CC4     2CC4       D2         0
                text29                             3538     3538        E         0
                text28                             352A     352A        E         0
                text27                             301C     301C       7E         0
                text26                             1B9C     1B9C      39A         0
                text25                             2E40     2E40       AA         0
                text24                             2AC2     2AC2      104         0
                text23                             1772     1772      42A         0
                text22                             3478     3478       38         0
                text21                             12B2     12B2      4C0         0
                text20                             3340     3340       46         0
                text19                             29BC     29BC      106         0
                text18                             2BC6     2BC6       FE         0
                text17                             2488     2488      212         0
                text16                             329A     329A       56         0
                text15                             32F0     32F0       50         0
                text14                             3592     3592        2         0
                text13                             2D96     2D96       AA         0
                text12                             33C6     33C6       40         0
                text11                             3174     3174       66         0
                text10                             3406     3406       3A         0
                text9                               85E      85E      A54         0
                text8                              34E4     34E4       26         0
                text7                              2EEA     2EEA       A6         0
                text6                              309A     309A       74         0
                text5                              31DA     31DA       64         0
                text4                              2898     2898      124         0
                text3                              1F36     1F36      2F6         0
                text2                              3386     3386       40         0
                text1                              3440     3440       38         0
                text0                              222C     222C      25C         0
                cinit                              310E     310E       66         0
                idataBANK0                         358C     358C        4         0
                idataCOMRAM                        3590     3590        2         0

        CLASS   CONST          

        CLASS   SMALLCONST     
                smallconst                          800      800       5E         0

        CLASS   MEDIUMCONST    

        CLASS   COMRAM         
                cstackCOMRAM                          1        1       53         1
                dataCOMRAM                           5D       5D        2         1
                bssCOMRAM                            54       54        9         1

        CLASS   ABS1           

        CLASS   BIGRAM         

        CLASS   RAM            

        CLASS   BANK0          
                cstackBANK0                          60       60       35         1
                dataBANK0                            AD       AD        4         1
                bssBANK0                             95       95       18         1

        CLASS   BANK1          
                bssBANK1                            100      100       50         1

        CLASS   BANK2          

        CLASS   BANK3          

        CLASS   BANK4          

        CLASS   BANK5          

        CLASS   BANK6          

        CLASS   BANK7          

        CLASS   SFR            

        CLASS   BIGSFR         

        CLASS   CONFIG         
                config                           300000   300000        E         4

        CLASS   IDLOC          

        CLASS   EEDATA         

        CLASS   FARRAM         

        CLASS   HEAP           

        CLASS   STACK          



SEGMENTS        Name                           Load    Length   Top    Selector   Space  Class

                reset_vec                      000000  000004  000004         0       0  CODE    
                cstackCOMRAM                   000001  00005E  00005F         1       1  COMRAM  
                cstackBANK0                    000060  000051  0000B1        60       1  BANK0   
                bssBANK1                       000100  000050  000150       100       1  BANK1   
                smallconst                     000800  00005E  00085E       400       0  SMALLCON
                text9                          00085E  002D36  003594       42F       0  CODE    


UNUSED ADDRESS RANGES

        Name                Unused          Largest block    Delta
        BANK0            0000B1-0000FF               4F
        BANK1            000150-0001FF               B0
        BANK2            000200-0002FF              100
        BANK3            000300-0003FF              100
        BANK4            000400-0004FF              100
        BANK5            000500-0005FF              100
        BANK6            000600-0006FF              100
        BANK7            000700-0007FF              100
        BIGRAM           00005F-00005F                1
                         0000B1-0000FF               4F
                         000150-0007FF              6B0
        BIGSFR           000F60-000FFF               A0
        CODE             000004-0007FF              7FC
                         003594-007FFF             4A6C
        COMRAM           00005F-00005F                1
        CONST            000004-0007FF              7FC
                         003594-007FFF             4A6C
        EEDATA           F00000-F000FF              100
        IDLOC            200000-200007                8
        MEDIUMCONST      003594-007FFF             4A6C
        RAM              0000B1-0000FF               4F
                         000150-0007FF              100
        SFR              000F60-000FFF               A0
        SMALLCONST       003594-007FFF              100

                                  Symbol Table

?___fladd                     cstackCOMRAM 000001
?___fldiv                     cstackCOMRAM 000001
?___flmul                     cstackCOMRAM 000001
?___flneg                     cstackCOMRAM 000001
?___flsub                     cstackCOMRAM 00001A
?___fltol                     cstackCOMRAM 000001
?___fpclassifyf               cstackCOMRAM 000001
?___lwdiv                     cstackCOMRAM 000001
?___lwmod                     cstackCOMRAM 000001
?___wmul                      cstackCOMRAM 000001
?_floorf                      cstackCOMRAM 00001A
?_labs                        cstackCOMRAM 000001
?_read_prec_or_width          cstackCOMRAM 000007
?_sprintf                     cstackBANK0  00008F
?_vfprintf                    cstackBANK0  00008C
Lcd_CGRAM_CreateChar@add      cstackCOMRAM 000008
Lcd_CGRAM_CreateChar@chardata cstackCOMRAM 000005
Lcd_CGRAM_CreateChar@i        cstackCOMRAM 000009
Lcd_CGRAM_CreateChar@i_272    cstackCOMRAM 00000A
Lcd_CGRAM_CreateChar@i_273    cstackCOMRAM 00000B
Lcd_CGRAM_CreateChar@i_274    cstackCOMRAM 00000C
Lcd_CGRAM_CreateChar@i_275    cstackCOMRAM 00000D
Lcd_CGRAM_CreateChar@i_276    cstackCOMRAM 00000E
Lcd_CGRAM_CreateChar@i_277    cstackCOMRAM 00000F
Lcd_CGRAM_CreateChar@i_278    cstackCOMRAM 000010
Lcd_Cmd@a                     cstackCOMRAM 000003
Lcd_Port@a                    cstackCOMRAM 000001
Lcd_Set_Cursor@a              cstackCOMRAM 000005
Lcd_Set_Cursor@b              cstackCOMRAM 000004
Lcd_Set_Cursor@temp           cstackCOMRAM 000008
Lcd_Set_Cursor@y              cstackCOMRAM 000007
Lcd_Set_Cursor@z              cstackCOMRAM 000006
Lcd_Write_Char@a              cstackCOMRAM 000004
Lcd_Write_Char@temp           cstackCOMRAM 000002
Lcd_Write_Char@y              cstackCOMRAM 000003
Lcd_Write_String@a            cstackCOMRAM 000005
Lcd_Write_String@i            cstackCOMRAM 000009
_ADCON1bits                   (abs)        000FC1
_LATDbits                     (abs)        000F8C
_Lcd_Blink                    text38       00357E
_Lcd_CGRAM_Close              text37       003570
_Lcd_CGRAM_CreateChar         text35       00269A
_Lcd_CGRAM_Init               text34       003562
_Lcd_Clear                    text33       003554
_Lcd_Cmd                      text39       00350A
_Lcd_Init                     text32       002F90
_Lcd_NoBlink                  text31       003546
_Lcd_Port                     text40       00323E
_Lcd_Set_Cursor               text30       002CC4
_Lcd_Shift_Left               text29       003538
_Lcd_Shift_Right              text28       00352A
_Lcd_Write_Char               text36       0034B0
_Lcd_Write_String             text27       00301C
_TRISDbits                    (abs)        000F95
__HRAM                        (abs)        000000
__H__absolute__               __absolute__ 000000
__Habs1                       abs1         000000
__Hbank0                      bank0        000000
__Hbank1                      bank1        000000
__Hbank2                      bank2        000000
__Hbank3                      bank3        000000
__Hbank4                      bank4        000000
__Hbank5                      bank5        000000
__Hbank6                      bank6        000000
__Hbank7                      bank7        000000
__Hbigbss                     bigbss       000000
__Hbigdata                    bigdata      000000
__Hbigram                     bigram       000000
__Hbigsfr                     bigsfr       000000
__Hbss                        bss          000000
__HbssBANK0                   bssBANK0     000000
__HbssBANK1                   bssBANK1     000000
__HbssCOMRAM                  bssCOMRAM    000000
__Hcinit                      cinit        000000
__Hclrtext                    clrtext      000000
__Hcomram                     comram       000000
__Hconfig                     config       30000E
__Hconst                      const        000000
__HcstackBANK0                cstackBANK0  000000
__HcstackCOMRAM               cstackCOMRAM 000000
__Hdata                       data         000000
__HdataBANK0                  dataBANK0    000000
__HdataCOMRAM                 dataCOMRAM   000000
__Heeprom_data                eeprom_data  000000
__Hfarbss                     farbss       000000
__Hfardata                    fardata      000000
__Hheap                       heap         000000
__Hibigdata                   ibigdata     000000
__Hidata                      idata        000000
__HidataBANK0                 idataBANK0   000000
__HidataCOMRAM                idataCOMRAM  000000
__Hidloc                      idloc        000000
__Hifardata                   ifardata     000000
__Hinit                       init         000004
__Hintcode                    intcode      000000
__Hintcode_body               intcode_body 000000
__Hintcodelo                  intcodelo    000000
__Hintentry                   intentry     000000
__Hintret                     intret       000000
__Hintsave_regs               intsave_regs 000000
__Hirdata                     irdata       000000
__Hmediumconst                mediumconst  000000
__HnvFARRAM                   nvFARRAM     000000
__Hnvbit                      nvbit        000000
__Hnvrram                     nvrram       000000
__Hparam                      rparam       000000
__Hpowerup                    powerup      000000
__Hram                        ram          000000
__Hramtop                     ramtop       000800
__Hrbit                       rbit         000000
__Hrbss                       rbss         000000
__Hrdata                      rdata        000000
__Hreset_vec                  reset_vec    000000
__Hrparam                     rparam       000000
__Hsfr                        sfr          000000
__Hsmallconst                 smallconst   00085E
__Hspace_0                    (abs)        003594
__Hspace_1                    (abs)        000150
__Hspace_2                    (abs)        000000
__Hspace_4                    (abs)        60000E
__Hstack                      stack        000000
__Hstruct                     struct       000000
__Htemp                       temp         000000
__Htext                       text         000000
__Htext0                      text0        000000
__Htext1                      text1        000000
__Htext10                     text10       000000
__Htext11                     text11       000000
__Htext12                     text12       000000
__Htext13                     text13       000000
__Htext14                     text14       000000
__Htext15                     text15       000000
__Htext16                     text16       000000
__Htext17                     text17       000000
__Htext18                     text18       000000
__Htext19                     text19       000000
__Htext2                      text2        000000
__Htext20                     text20       000000
__Htext21                     text21       000000
__Htext22                     text22       000000
__Htext23                     text23       000000
__Htext24                     text24       000000
__Htext25                     text25       000000
__Htext26                     text26       000000
__Htext27                     text27       000000
__Htext28                     text28       000000
__Htext29                     text29       000000
__Htext3                      text3        000000
__Htext30                     text30       000000
__Htext31                     text31       000000
__Htext32                     text32       000000
__Htext33                     text33       000000
__Htext34                     text34       000000
__Htext35                     text35       000000
__Htext36                     text36       000000
__Htext37                     text37       000000
__Htext38                     text38       000000
__Htext39                     text39       000000
__Htext4                      text4        000000
__Htext40                     text40       000000
__Htext5                      text5        000000
__Htext6                      text6        000000
__Htext7                      text7        000000
__Htext8                      text8        000000
__Htext9                      text9        000000
__LRAM                        (abs)        000001
__L__absolute__               __absolute__ 000000
__Labs1                       abs1         000000
__Lbank0                      bank0        000000
__Lbank1                      bank1        000000
__Lbank2                      bank2        000000
__Lbank3                      bank3        000000
__Lbank4                      bank4        000000
__Lbank5                      bank5        000000
__Lbank6                      bank6        000000
__Lbank7                      bank7        000000
__Lbigbss                     bigbss       000000
__Lbigdata                    bigdata      000000
__Lbigram                     bigram       000000
__Lbigsfr                     bigsfr       000000
__Lbss                        bss          000000
__LbssBANK0                   bssBANK0     000000
__LbssBANK1                   bssBANK1     000000
__LbssCOMRAM                  bssCOMRAM    000000
__Lcinit                      cinit        000000
__Lclrtext                    clrtext      000000
__Lcomram                     comram       000000
__Lconfig                     config       000000
__Lconst                      const        000000
__LcstackBANK0                cstackBANK0  000000
__LcstackCOMRAM               cstackCOMRAM 000000
__Ldata                       data         000000
__LdataBANK0                  dataBANK0    000000
__LdataCOMRAM                 dataCOMRAM   000000
__Leeprom_data                eeprom_data  000000
__Lfarbss                     farbss       000000
__Lfardata                    fardata      000000
__Lheap                       heap         000000
__Libigdata                   ibigdata     000000
__Lidata                      idata        000000
__LidataBANK0                 idataBANK0   000000
__LidataCOMRAM                idataCOMRAM  000000
__Lidloc                      idloc        000000
__Lifardata                   ifardata     000000
__Linit                       init         000000
__Lintcode                    intcode      000000
__Lintcode_body               intcode_body 000000
__Lintcodelo                  intcodelo    000000
__Lintentry                   intentry     000000
__Lintret                     intret       000000
__Lintsave_regs               intsave_regs 000000
__Lirdata                     irdata       000000
__Lmediumconst                mediumconst  000000
__LnvFARRAM                   nvFARRAM     000000
__Lnvbit                      nvbit        000000
__Lnvrram                     nvrram       000000
__Lparam                      rparam       000000
__Lpowerup                    powerup      000000
__Lram                        ram          000000
__Lramtop                     ramtop       000800
__Lrbit                       rbit         000000
__Lrbss                       rbss         000000
__Lrdata                      rdata        000000
__Lreset_vec                  reset_vec    000000
__Lrparam                     rparam       000000
__Lsfr                        sfr          000000
__Lsmallconst                 smallconst   000800
__Lspace_0                    (abs)        000000
__Lspace_1                    (abs)        000000
__Lspace_2                    (abs)        000000
__Lspace_4                    (abs)        000000
__Lstack                      stack        000000
__Lstruct                     struct       000000
__Ltemp                       temp         000000
__Ltext                       text         000000
__Ltext0                      text0        000000
__Ltext1                      text1        000000
__Ltext10                     text10       000000
__Ltext11                     text11       000000
__Ltext12                     text12       000000
__Ltext13                     text13       000000
__Ltext14                     text14       000000
__Ltext15                     text15       000000
__Ltext16                     text16       000000
__Ltext17                     text17       000000
__Ltext18                     text18       000000
__Ltext19                     text19       000000
__Ltext2                      text2        000000
__Ltext20                     text20       000000
__Ltext21                     text21       000000
__Ltext22                     text22       000000
__Ltext23                     text23       000000
__Ltext24                     text24       000000
__Ltext25                     text25       000000
__Ltext26                     text26       000000
__Ltext27                     text27       000000
__Ltext28                     text28       000000
__Ltext29                     text29       000000
__Ltext3                      text3        000000
__Ltext30                     text30       000000
__Ltext31                     text31       000000
__Ltext32                     text32       000000
__Ltext33                     text33       000000
__Ltext34                     text34       000000
__Ltext35                     text35       000000
__Ltext36                     text36       000000
__Ltext37                     text37       000000
__Ltext38                     text38       000000
__Ltext39                     text39       000000
__Ltext4                      text4        000000
__Ltext40                     text40       000000
__Ltext5                      text5        000000
__Ltext6                      text6        000000
__Ltext7                      text7        000000
__Ltext8                      text8        000000
__Ltext9                      text9        000000
__S0                          (abs)        003594
__S1                          (abs)        000150
__S4                          (abs)        000000
__S5                          (abs)        000000
___fladd                      text21       0012B2
___fladd@a                    cstackCOMRAM 000005
___fladd@aexp                 cstackCOMRAM 00000E
___fladd@b                    cstackCOMRAM 000001
___fladd@bexp                 cstackCOMRAM 00000F
___fladd@grs                  cstackCOMRAM 000010
___fladd@signs                cstackCOMRAM 00000D
___fldiv                      text26       001B9C
___fldiv@a                    cstackCOMRAM 000005
___fldiv@aexp                 cstackCOMRAM 000019
___fldiv@b                    cstackCOMRAM 000001
___fldiv@bexp                 cstackCOMRAM 000018
___fldiv@grs                  cstackCOMRAM 000014
___fldiv@new_exp              cstackCOMRAM 000012
___fldiv@rem                  cstackCOMRAM 00000D
___fldiv@sign                 cstackCOMRAM 000011
___fleq                       text25       002E40
___fleq@ff1                   cstackCOMRAM 000001
___fleq@ff2                   cstackCOMRAM 000005
___flge                       text24       002AC2
___flge@ff1                   cstackCOMRAM 00001A
___flge@ff2                   cstackCOMRAM 00001E
___flmul                      text23       001772
___flmul@a                    cstackCOMRAM 000005
___flmul@aexp                 cstackCOMRAM 000012
___flmul@b                    cstackCOMRAM 000001
___flmul@bexp                 cstackCOMRAM 000013
___flmul@grs                  cstackCOMRAM 00000E
___flmul@prod                 cstackCOMRAM 000014
___flmul@sign                 cstackCOMRAM 00000D
___flmul@temp                 cstackCOMRAM 000018
___flneg                      text22       003478
___flneg@f1                   cstackCOMRAM 000001
___flsub                      text20       003340
___flsub@a                    cstackCOMRAM 00001E
___flsub@b                    cstackCOMRAM 00001A
___fltol                      text19       0029BC
___fltol@exp1                 cstackCOMRAM 00000A
___fltol@f1                   cstackCOMRAM 000001
___fltol@sign1                cstackCOMRAM 000009
___fpclassifyf                text18       002BC6
___fpclassifyf@F465           bssCOMRAM    000054
___fpclassifyf@e              cstackCOMRAM 000009
___fpclassifyf@u              cstackCOMRAM 00000B
___fpclassifyf@x              cstackCOMRAM 000001
___heap_hi                    (abs)        000000
___heap_lo                    (abs)        000000
___inthi_sp                   stack        000000
___inthi_stack_hi             stack        000000
___inthi_stack_lo             stack        000000
___intlo_sp                   stack        000000
___intlo_stack_hi             stack        000000
___intlo_stack_lo             stack        000000
___lwdiv                      text6        00309A
___lwdiv@counter              cstackCOMRAM 000007
___lwdiv@dividend             cstackCOMRAM 000001
___lwdiv@divisor              cstackCOMRAM 000003
___lwdiv@quotient             cstackCOMRAM 000005
___lwmod                      text5        0031DA
___lwmod@counter              cstackCOMRAM 000005
___lwmod@dividend             cstackCOMRAM 000001
___lwmod@divisor              cstackCOMRAM 000003
___param_bank                 (abs)        000000
___rparam_used                (abs)        000001
___sp                         stack        000000
___stack_hi                   stack        000000
___stack_lo                   stack        000000
___wmul                       text8        0034E4
___wmul@multiplicand          cstackCOMRAM 000003
___wmul@multiplier            cstackCOMRAM 000001
___wmul@product               cstackCOMRAM 000005
__accesstop                   (abs)        000060
__activetblptr                (abs)        000002
__end_of_Lcd_Blink            text38       00358C
__end_of_Lcd_CGRAM_Close      text37       00357E
__end_of_Lcd_CGRAM_CreateChar text35       002898
__end_of_Lcd_CGRAM_Init       text34       003570
__end_of_Lcd_Clear            text33       003562
__end_of_Lcd_Cmd              text39       00352A
__end_of_Lcd_Init             text32       00301C
__end_of_Lcd_NoBlink          text31       003554
__end_of_Lcd_Port             text40       00329A
__end_of_Lcd_Set_Cursor       text30       002D96
__end_of_Lcd_Shift_Left       text29       003546
__end_of_Lcd_Shift_Right      text28       003538
__end_of_Lcd_Write_Char       text36       0034E4
__end_of_Lcd_Write_String     text27       00309A
__end_of___fladd              text21       001772
__end_of___fldiv              text26       001F36
__end_of___fleq               text25       002EEA
__end_of___flge               text24       002BC6
__end_of___flmul              text23       001B9C
__end_of___flneg              text22       0034B0
__end_of___flsub              text20       003386
__end_of___fltol              text19       002AC2
__end_of___fpclassifyf        text18       002CC4
__end_of___lwdiv              text6        00310E
__end_of___lwmod              text5        00323E
__end_of___wmul               text8        00350A
__end_of__initialization      cinit        00316A
__end_of_efgtoa               text9        0012B2
__end_of_figura_1             smallconst   000811
__end_of_figura_2             smallconst   000809
__end_of_floorf               text17       00269A
__end_of_fputc                text13       002E40
__end_of_fputs                text12       003406
__end_of_labs                 text16       0032F0
__end_of_main                 text0        002488
__end_of_memcpy               text15       003340
__end_of_pad                  text11       0031DA
__end_of_putch                text14       003594
__end_of_read_prec_or_width   text7        002F90
__end_of_sprintf              text1        003478
__end_of_strcpy               text10       003440
__end_of_utoa                 text4        0029BC
__end_of_vfpfcnvrt            text3        00222C
__end_of_vfprintf             text2        0033C6
__initialization              cinit        00310E
__mediumconst                 mediumconst  000000
__pbssBANK0                   bssBANK0     000095
__pbssBANK1                   bssBANK1     000100
__pbssCOMRAM                  bssCOMRAM    000054
__pcinit                      cinit        00310E
__pcstackBANK0                cstackBANK0  000060
__pcstackCOMRAM               cstackCOMRAM 000001
__pdataBANK0                  dataBANK0    0000AD
__pdataCOMRAM                 dataCOMRAM   00005D
__pidataBANK0                 idataBANK0   00358C
__pidataCOMRAM                idataCOMRAM  003590
__psmallconst                 smallconst   000800
__ptext0                      text0        00222C
__ptext1                      text1        003440
__ptext10                     text10       003406
__ptext11                     text11       003174
__ptext12                     text12       0033C6
__ptext13                     text13       002D96
__ptext14                     text14       003592
__ptext15                     text15       0032F0
__ptext16                     text16       00329A
__ptext17                     text17       002488
__ptext18                     text18       002BC6
__ptext19                     text19       0029BC
__ptext2                      text2        003386
__ptext20                     text20       003340
__ptext21                     text21       0012B2
__ptext22                     text22       003478
__ptext23                     text23       001772
__ptext24                     text24       002AC2
__ptext25                     text25       002E40
__ptext26                     text26       001B9C
__ptext27                     text27       00301C
__ptext28                     text28       00352A
__ptext29                     text29       003538
__ptext3                      text3        001F36
__ptext30                     text30       002CC4
__ptext31                     text31       003546
__ptext32                     text32       002F90
__ptext33                     text33       003554
__ptext34                     text34       003562
__ptext35                     text35       00269A
__ptext36                     text36       0034B0
__ptext37                     text37       003570
__ptext38                     text38       00357E
__ptext39                     text39       00350A
__ptext4                      text4        002898
__ptext40                     text40       00323E
__ptext5                      text5        0031DA
__ptext6                      text6        00309A
__ptext7                      text7        002EEA
__ptext8                      text8        0034E4
__ptext9                      text9        00085E
__ramtop                      ramtop       000800
__smallconst                  smallconst   000800
_buffer                       bssBANK0     000099
_dbuf                         bssBANK1     000100
_efgtoa                       text9        00085E
_efgtoa$845                   cstackBANK0  000066
_figura_1                     smallconst   000809
_figura_2                     smallconst   000801
_flags                        bssCOMRAM    00005C
_floorf                       text17       002488
_fputc                        text13       002D96
_fputs                        text12       0033C6
_labs                         text16       00329A
_main                         text0        00222C
_memcpy                       text15       0032F0
_pad                          text11       003174
_prec                         bssCOMRAM    00005A
_putch                        text14       003592
_read_prec_or_width           text7        002EEA
_sprintf                      text1        003440
_strcpy                       text10       003406
_t                            dataBANK0    0000AD
_utoa                         text4        002898
_v                            dataCOMRAM   00005D
_vfpfcnvrt                    text3        001F36
_vfprintf                     text2        003386
_width                        bssCOMRAM    000058
efgtoa@c                      cstackCOMRAM 000033
efgtoa@d                      cstackBANK0  00006B
efgtoa@e                      cstackBANK0  00006F
efgtoa@f                      cstackCOMRAM 00002F
efgtoa@fp                     cstackCOMRAM 00002E
efgtoa@g                      cstackBANK0  000082
efgtoa@h                      cstackBANK0  000077
efgtoa@i                      cstackBANK0  00007F
efgtoa@l                      cstackBANK0  00007B
efgtoa@m                      cstackBANK0  00006D
efgtoa@mode                   cstackBANK0  000069
efgtoa@n                      cstackBANK0  000086
efgtoa@ne                     cstackBANK0  000060
efgtoa@nmode                  cstackBANK0  00006A
efgtoa@ou                     cstackBANK0  000071
efgtoa@p                      cstackBANK0  000062
efgtoa@pp                     cstackBANK0  000068
efgtoa@sign                   cstackBANK0  000081
efgtoa@t                      cstackBANK0  000064
efgtoa@u                      cstackBANK0  000088
efgtoa@w                      cstackBANK0  000075
end_of_initialization         cinit        00316A
floorf@F521                   bssBANK0     000095
floorf@e                      cstackCOMRAM 000028
floorf@m                      cstackCOMRAM 000024
floorf@u                      cstackCOMRAM 00002A
floorf@x                      cstackCOMRAM 00001A
fputc@c                       cstackCOMRAM 000001
fputc@fp                      cstackCOMRAM 000003
fputs@c                       cstackCOMRAM 00000C
fputs@fp                      cstackCOMRAM 00000B
fputs@i                       cstackCOMRAM 00000D
fputs@s                       cstackCOMRAM 000009
intlevel0                     text         000000
intlevel1                     text         000000
intlevel2                     text         000000
intlevel3                     text         000000
isa$std                       (abs)        000001
isa$xinst                     (abs)        000000
labs@a                        cstackCOMRAM 000001
main@i                        cstackCOMRAM 000052
main@i_142                    cstackCOMRAM 000053
memcpy@d                      cstackCOMRAM 000008
memcpy@d1                     cstackCOMRAM 000001
memcpy@n                      cstackCOMRAM 000005
memcpy@s                      cstackCOMRAM 00000A
memcpy@s1                     cstackCOMRAM 000003
memcpy@tmp                    cstackCOMRAM 000007
pad@buf                       cstackCOMRAM 000010
pad@fp                        cstackCOMRAM 00000F
pad@i                         cstackCOMRAM 000015
pad@p                         cstackCOMRAM 000012
read_prec_or_width@ap         cstackCOMRAM 000008
read_prec_or_width@c          cstackCOMRAM 000009
read_prec_or_width@fmt        cstackCOMRAM 000007
read_prec_or_width@n          cstackCOMRAM 00000A
sprintf@ap                    cstackCOMRAM 000043
sprintf@f                     cstackCOMRAM 000044
sprintf@fmt                   cstackBANK0  000090
sprintf@s                     cstackBANK0  00008F
stackhi                       (abs)        000000
stacklo                       (abs)        000000
start                         init         000000
start_initialization          cinit        00310E
strcpy@d                      cstackCOMRAM 000005
strcpy@dest                   cstackCOMRAM 000001
strcpy@src                    cstackCOMRAM 000003
utoa@d                        cstackCOMRAM 000018
utoa@fp                       cstackCOMRAM 000017
utoa@i                        cstackCOMRAM 00001E
utoa@p                        cstackCOMRAM 00001A
utoa@w                        cstackCOMRAM 00001C
vfpfcnvrt@ap                  cstackCOMRAM 000038
vfpfcnvrt@c                   cstackCOMRAM 000040
vfpfcnvrt@convarg             cstackCOMRAM 00003C
vfpfcnvrt@cp                  cstackCOMRAM 000041
vfpfcnvrt@done                cstackCOMRAM 00003B
vfpfcnvrt@fmt                 cstackCOMRAM 000037
vfpfcnvrt@fp                  cstackCOMRAM 000036
vfprintf@ap                   cstackBANK0  00008E
vfprintf@cfmt                 cstackCOMRAM 000042
vfprintf@fmt                  cstackBANK0  00008D
vfprintf@fp                   cstackBANK0  00008C


MODULE INFORMATION

Module		Function		Class		Link	Load	Size
C:\Program Files\Microchip\xc8\v2.45\pic\sources\c99\common\Umul16.c
		___wmul        		CODE           	34E4	0000	38

C:\Program Files\Microchip\xc8\v2.45\pic\sources\c99\common\Umul16.c estimated size: 38

C:\Program Files\Microchip\xc8\v2.45\pic\sources\c99\common\fleq.c
		___fleq        		CODE           	2E40	0000	170

C:\Program Files\Microchip\xc8\v2.45\pic\sources\c99\common\fleq.c estimated size: 170

C:\Program Files\Microchip\xc8\v2.45\pic\sources\c99\common\memcpy.c
		_memcpy        		CODE           	32F0	0000	80

C:\Program Files\Microchip\xc8\v2.45\pic\sources\c99\common\memcpy.c estimated size: 80

C:\Program Files\Microchip\xc8\v2.45\pic\sources\c99\common\flneg.c
		___flneg       		CODE           	3478	0000	56

C:\Program Files\Microchip\xc8\v2.45\pic\sources\c99\common\flneg.c estimated size: 56

C:\Program Files\Microchip\xc8\v2.45\pic\sources\c99\common\sprcmul.c
		___flmul       		CODE           	1772	0000	1066

C:\Program Files\Microchip\xc8\v2.45\pic\sources\c99\common\sprcmul.c estimated size: 1066

C:\Program Files\Microchip\xc8\v2.45\pic\sources\c99\common\labs.c
		_labs          		CODE           	329A	0000	86

C:\Program Files\Microchip\xc8\v2.45\pic\sources\c99\common\labs.c estimated size: 86

C:\Program Files\Microchip\xc8\v2.45\pic\sources\c99\common\nf_fputs.c
		_fputs         		CODE           	33C6	0000	64

C:\Program Files\Microchip\xc8\v2.45\pic\sources\c99\common\nf_fputs.c estimated size: 64

C:\Program Files\Microchip\xc8\v2.45\pic\sources\c99\common\sprcdiv.c
		___fldiv       		CODE           	1B9C	0000	922

C:\Program Files\Microchip\xc8\v2.45\pic\sources\c99\common\sprcdiv.c estimated size: 922

C:\Program Files\Microchip\xc8\v2.45\pic\sources\c99\common\floorf.c
		_floorf        		CODE           	2488	0000	530

C:\Program Files\Microchip\xc8\v2.45\pic\sources\c99\common\floorf.c estimated size: 530

C:\Program Files\Microchip\xc8\v2.45\pic\sources\c99\common\nf_sprintf.c
		_sprintf       		CODE           	3440	0000	56

C:\Program Files\Microchip\xc8\v2.45\pic\sources\c99\common\nf_sprintf.c estimated size: 56

C:\Program Files\Microchip\xc8\v2.45\pic\sources\c99\common\lwmod.c
		___lwmod       		CODE           	31DA	0000	100

C:\Program Files\Microchip\xc8\v2.45\pic\sources\c99\common\lwmod.c estimated size: 100

C:\Program Files\Microchip\xc8\v2.45\pic\sources\c99\common\putch.c
		_putch         		CODE           	3592	0000	2

C:\Program Files\Microchip\xc8\v2.45\pic\sources\c99\common\putch.c estimated size: 2

C:\Program Files\Microchip\xc8\v2.45\pic\sources\c99\common\flge.c
		___flge        		CODE           	2AC2	0000	260

C:\Program Files\Microchip\xc8\v2.45\pic\sources\c99\common\flge.c estimated size: 260

shared
		_figura_1      		SMALLCONST     	0809	0000	8
		_figura_2      		SMALLCONST     	0801	0000	8
		__initialization		CODE           	310E	0000	92

shared estimated size: 108

C:\Program Files\Microchip\xc8\v2.45\pic\sources\c99\common\__fpclassifyf.c
		___fpclassifyf 		CODE           	2BC6	0000	254

C:\Program Files\Microchip\xc8\v2.45\pic\sources\c99\common\__fpclassifyf.c estimated size: 254

C:\Program Files\Microchip\xc8\v2.45\pic\sources\c99\common\strcpy.c
		_strcpy        		CODE           	3406	0000	58

C:\Program Files\Microchip\xc8\v2.45\pic\sources\c99\common\strcpy.c estimated size: 58

lcd.c
		_Lcd_Write_String		CODE           	301C	0000	126
		_Lcd_Shift_Left		CODE           	3538	0000	14
		_Lcd_Init      		CODE           	2F90	0000	140
		_Lcd_CGRAM_Init		CODE           	3562	0000	14
		_Lcd_Write_Char		CODE           	34B0	0000	52
		_Lcd_Blink     		CODE           	357E	0000	14
		_Lcd_Cmd       		CODE           	350A	0000	32
		_Lcd_Shift_Right		CODE           	352A	0000	14
		_Lcd_CGRAM_Close		CODE           	3570	0000	14
		_Lcd_NoBlink   		CODE           	3546	0000	14
		_Lcd_Set_Cursor		CODE           	2CC4	0000	210
		_Lcd_Clear     		CODE           	3554	0000	14
		_Lcd_Port      		CODE           	323E	0000	92
		_Lcd_CGRAM_CreateChar		CODE           	269A	0000	510

lcd.c estimated size: 1260

C:\Program Files\Microchip\xc8\v2.45\pic\sources\c99\common\sprcadd.c
		___flsub       		CODE           	3340	0000	70
		___fladd       		CODE           	12B2	0000	1216

C:\Program Files\Microchip\xc8\v2.45\pic\sources\c99\common\sprcadd.c estimated size: 1286

lcd16x2.c
		_main          		CODE           	222C	0000	604

lcd16x2.c estimated size: 604

C:\Program Files\Microchip\xc8\v2.45\pic\sources\c99\common\nf_fputc.c
		_fputc         		CODE           	2D96	0000	170

C:\Program Files\Microchip\xc8\v2.45\pic\sources\c99\common\nf_fputc.c estimated size: 170

C:\Program Files\Microchip\xc8\v2.45\pic\sources\c99\common\doprnt.c
		_read_prec_or_width		CODE           	2EEA	0000	166
		_vfpfcnvrt     		CODE           	1F36	0000	758
		_efgtoa        		CODE           	085E	0000	2644
		_pad           		CODE           	3174	0000	102
		_vfprintf      		CODE           	3386	0000	64
		_utoa          		CODE           	2898	0000	292

C:\Program Files\Microchip\xc8\v2.45\pic\sources\c99\common\doprnt.c estimated size: 4026

C:\Program Files\Microchip\xc8\v2.45\pic\sources\c99\common\lwdiv.c
		___lwdiv       		CODE           	309A	0000	116

C:\Program Files\Microchip\xc8\v2.45\pic\sources\c99\common\lwdiv.c estimated size: 116

C:\Program Files\Microchip\xc8\v2.45\pic\sources\c99\common\fltol.c
		___fltol       		CODE           	29BC	0000	262

C:\Program Files\Microchip\xc8\v2.45\pic\sources\c99\common\fltol.c estimated size: 262

